#
# There is insufficient memory for the Java Runtime Environment to continue.
# Native memory allocation (mmap) failed to map 5335154688 bytes. Error detail: G1 virtual space
# Possible reasons:
#   The system is out of physical RAM or swap space
#   This process is running with CompressedOops enabled, and the Java Heap may be blocking the growth of the native heap
# Possible solutions:
#   Reduce memory load on the system
#   Increase physical memory or swap space
#   Check if swap backing store is full
#   Decrease Java heap size (-Xmx/-Xms)
#   Decrease number of Java threads
#   Decrease Java thread stack sizes (-Xss)
#   Set larger code cache with -XX:ReservedCodeCacheSize=
#   JVM is running with Zero Based Compressed Oops mode in which the Java heap is
#     placed in the first 32GB address space. The Java Heap base address is the
#     maximum limit for the native heap growth. Please use -XX:HeapBaseMinAddress
#     to set the Java Heap base and to place the Java Heap above 32GB virtual address.
# This output file may be truncated or incomplete.
#
#  Out of Memory Error (os_windows.cpp:3737), pid=3096388, tid=3092788
#
# JRE version: OpenJDK Runtime Environment Microsoft-13106404 (21.0.10+7) (build 21.0.10+7-LTS)
# Java VM: OpenJDK 64-Bit Server VM Microsoft-13106404 (21.0.10+7-LTS, mixed mode, sharing, tiered, compressed oops, compressed class ptrs, g1 gc, windows-amd64)
# No core dump will be written. Minidumps are not enabled by default on client versions of Windows
#

---------------  S U M M A R Y ------------

Command Line: -Dfile.encoding=UTF-8 ..\publisher.jar -ig .

Host: AMD Ryzen 9 7940HS w/ Radeon 780M Graphics     , 16 cores, 59G,  Windows 11 , 64 bit Build 26100 (10.0.26100.6725)
Time: Wed Mar 18 10:29:14 2026 Romance Standard Time elapsed time: 200.478698 seconds (0d 0h 3m 20s)

---------------  T H R E A D  ---------------

Current thread (0x00000155fab751d0):  VMThread "VM Thread"          [id=3092788, stack(0x0000003f01100000,0x0000003f01200000) (1024K)]

Stack: [0x0000003f01100000,0x0000003f01200000]
Native frames: (J=compiled Java code, j=interpreted, Vv=VM code, C=native code)
V  [jvm.dll+0x6dfe69]  (no source info available)
V  [jvm.dll+0x8bfe4b]  (no source info available)
V  [jvm.dll+0x8c23da]  (no source info available)
V  [jvm.dll+0x8c2ab3]  (no source info available)
V  [jvm.dll+0x28a9e6]  (no source info available)
V  [jvm.dll+0x6df315]  (no source info available)
V  [jvm.dll+0x6d325a]  (no source info available)
V  [jvm.dll+0x367a0e]  (no source info available)
V  [jvm.dll+0x36f8db]  (no source info available)
V  [jvm.dll+0x3c13a9]  (no source info available)
V  [jvm.dll+0x3c164b]  (no source info available)
V  [jvm.dll+0x33b2c7]  (no source info available)
V  [jvm.dll+0x33b357]  (no source info available)
V  [jvm.dll+0x38014c]  (no source info available)
V  [jvm.dll+0x37e92e]  (no source info available)
V  [jvm.dll+0x33aa21]  (no source info available)
V  [jvm.dll+0x37df9a]  (no source info available)
V  [jvm.dll+0x8c881f]  (no source info available)
V  [jvm.dll+0x8c9d03]  (no source info available)
V  [jvm.dll+0x8ca274]  (no source info available)
V  [jvm.dll+0x8ca373]  (no source info available)
V  [jvm.dll+0x86ab8d]  (no source info available)
V  [jvm.dll+0x6e141d]  (no source info available)
C  [ucrtbase.dll+0x37b0]  (no source info available)
C  [KERNEL32.DLL+0x2e8d7]  (no source info available)
C  [ntdll.dll+0x8c53c]  (no source info available)

VM_Operation (0x0000003f00afd940): G1CollectForAllocation, mode: safepoint, requested by thread 0x00000155dc9c0480


---------------  P R O C E S S  ---------------

Threads class SMR info:
_java_thread_list=0x00000155d9291b20, length=13, elements={
0x00000155dc9c0480, 0x00000155fab90330, 0x00000155fab92e90, 0x00000155fab93c40,
0x00000155fab95130, 0x00000155fab9aa60, 0x00000155fab9d5c0, 0x00000155fabb3650,
0x00000155fabc4100, 0x00000155d01d1ff0, 0x00000155d01d8280, 0x00000156024ceb40,
0x00000155d66f1fe0
}

Java Threads: ( => current thread )
  0x00000155dc9c0480 JavaThread "main"                              [_thread_blocked, id=3088540, stack(0x0000003f00a00000,0x0000003f00b00000) (1024K)]
  0x00000155fab90330 JavaThread "Reference Handler"          daemon [_thread_blocked, id=3095904, stack(0x0000003f01200000,0x0000003f01300000) (1024K)]
  0x00000155fab92e90 JavaThread "Finalizer"                  daemon [_thread_blocked, id=3089960, stack(0x0000003f01300000,0x0000003f01400000) (1024K)]
  0x00000155fab93c40 JavaThread "Signal Dispatcher"          daemon [_thread_blocked, id=3068512, stack(0x0000003f01400000,0x0000003f01500000) (1024K)]
  0x00000155fab95130 JavaThread "Attach Listener"            daemon [_thread_blocked, id=3054988, stack(0x0000003f01500000,0x0000003f01600000) (1024K)]
  0x00000155fab9aa60 JavaThread "Service Thread"             daemon [_thread_blocked, id=3075612, stack(0x0000003f01600000,0x0000003f01700000) (1024K)]
  0x00000155fab9d5c0 JavaThread "Monitor Deflation Thread"   daemon [_thread_blocked, id=3088492, stack(0x0000003f01700000,0x0000003f01800000) (1024K)]
  0x00000155fabb3650 JavaThread "C2 CompilerThread0"         daemon [_thread_in_native, id=3088912, stack(0x0000003f01800000,0x0000003f01900000) (1024K)]
  0x00000155fabc4100 JavaThread "C1 CompilerThread0"         daemon [_thread_blocked, id=3088436, stack(0x0000003f01900000,0x0000003f01a00000) (1024K)]
  0x00000155d01d1ff0 JavaThread "Notification Thread"        daemon [_thread_blocked, id=3096336, stack(0x0000003f01c00000,0x0000003f01d00000) (1024K)]
  0x00000155d01d8280 JavaThread "Common-Cleaner"             daemon [_thread_blocked, id=3086376, stack(0x0000003f01d00000,0x0000003f01e00000) (1024K)]
  0x00000156024ceb40 JavaThread "OkHttp TaskRunner"          daemon [_thread_blocked, id=3097092, stack(0x0000003f02a00000,0x0000003f02b00000) (1024K)]
  0x00000155d66f1fe0 JavaThread "Java2D Disposer"            daemon [_thread_blocked, id=3089524, stack(0x0000003f00800000,0x0000003f00900000) (1024K)]
Total: 13

Other Threads:
=>0x00000155fab751d0 VMThread "VM Thread"                           [id=3092788, stack(0x0000003f01100000,0x0000003f01200000) (1024K)]
  0x00000155fab63970 WatcherThread "VM Periodic Task Thread"        [id=3095340, stack(0x0000003f01000000,0x0000003f01100000) (1024K)]
  0x00000155faa0cc10 WorkerThread "GC Thread#0"                     [id=3095256, stack(0x0000003f00b00000,0x0000003f00c00000) (1024K)]
  0x00000155d091f3b0 WorkerThread "GC Thread#1"                     [id=3097544, stack(0x0000003f00700000,0x0000003f00800000) (1024K)]
  0x00000155d0aa2870 WorkerThread "GC Thread#2"                     [id=3097548, stack(0x0000003f01a00000,0x0000003f01b00000) (1024K)]
  0x00000155d0aa2c20 WorkerThread "GC Thread#3"                     [id=3097552, stack(0x0000003f01b00000,0x0000003f01c00000) (1024K)]
  0x00000155d0aa33d0 WorkerThread "GC Thread#4"                     [id=3097556, stack(0x0000003f01e00000,0x0000003f01f00000) (1024K)]
  0x00000155d0aa3780 WorkerThread "GC Thread#5"                     [id=3097560, stack(0x0000003f01f00000,0x0000003f02000000) (1024K)]
  0x00000155d09cebc0 WorkerThread "GC Thread#6"                     [id=3097564, stack(0x0000003f02000000,0x0000003f02100000) (1024K)]
  0x00000155d09cef70 WorkerThread "GC Thread#7"                     [id=3097568, stack(0x0000003f02100000,0x0000003f02200000) (1024K)]
  0x00000155d09cf320 WorkerThread "GC Thread#8"                     [id=3097572, stack(0x0000003f02200000,0x0000003f02300000) (1024K)]
  0x00000155d09cf6d0 WorkerThread "GC Thread#9"                     [id=3097576, stack(0x0000003f02300000,0x0000003f02400000) (1024K)]
  0x00000155d09cfa80 WorkerThread "GC Thread#10"                    [id=3097580, stack(0x0000003f02400000,0x0000003f02500000) (1024K)]
  0x00000155d5072ee0 WorkerThread "GC Thread#11"                    [id=3097584, stack(0x0000003f02500000,0x0000003f02600000) (1024K)]
  0x00000155d5071c70 WorkerThread "GC Thread#12"                    [id=3097588, stack(0x0000003f02600000,0x0000003f02700000) (1024K)]
  0x00000155def075d0 ConcurrentGCThread "G1 Main Marker"            [id=3095248, stack(0x0000003f00c00000,0x0000003f00d00000) (1024K)]
  0x00000155def08c50 WorkerThread "G1 Conc#0"                       [id=3095252, stack(0x0000003f00d00000,0x0000003f00e00000) (1024K)]
  0x00000155d5073640 WorkerThread "G1 Conc#1"                       [id=3097592, stack(0x0000003f02700000,0x0000003f02800000) (1024K)]
  0x00000155d53aa0b0 WorkerThread "G1 Conc#2"                       [id=3097596, stack(0x0000003f02800000,0x0000003f02900000) (1024K)]
  0x00000155faab7590 ConcurrentGCThread "G1 Refine#0"               [id=3095108, stack(0x0000003f00e00000,0x0000003f00f00000) (1024K)]
  0x00000155faab7fb0 ConcurrentGCThread "G1 Service"                [id=3095144, stack(0x0000003f00f00000,0x0000003f01000000) (1024K)]
Total: 21

Threads with active compile tasks:
C2 CompilerThread0  200521 18111       4       org.hl7.fhir.r4b.formats.JsonParser::parseType (3111 bytes)
Total: 1

VM state: at safepoint (normal execution)

VM Mutex/Monitor currently owned by a thread:  ([mutex/lock_event])
[0x00007ffc9ef4b8a0] Threads_lock - owner thread: 0x00000155fab751d0
[0x00007ffc9ef4b9a0] Heap_lock - owner thread: 0x00000155dc9c0480

Heap address: 0x0000000444000000, size: 15296 MB, Compressed Oops mode: Zero based, Oop shift amount: 3

CDS archive(s) mapped at: [0x000001558f000000-0x000001558fc80000-0x000001558fc80000), size 13107200, SharedBaseAddress: 0x000001558f000000, ArchiveRelocationMode: 1.
Compressed class space mapped at: 0x0000015590000000-0x00000155d0000000, reserved size: 1073741824
Narrow klass base: 0x000001558f000000, Narrow klass shift: 0, Narrow klass range: 0x100000000

GC Precious Log:
 CardTable entry size: 512
 Card Set container configuration: InlinePtr #cards 4 size 8 Array Of Cards #cards 64 size 144 Howl #buckets 8 coarsen threshold 14745 Howl Bitmap #cards 2048 size 272 coarsen threshold 1843 Card regions per heap region 1 cards per card region 16384
 CPUs: 16 total, 16 available
 Memory: 61153M
 Large Page Support: Disabled
 NUMA Support: Disabled
 Compressed Oops: Enabled (Zero based)
 Heap Region Size: 8M
 Heap Min Capacity: 8M
 Heap Initial Capacity: 960M
 Heap Max Capacity: 15296M
 Pre-touch: Disabled
 Parallel Workers: 13
 Concurrent Workers: 3
 Concurrent Refinement Workers: 13
 Periodic GC: Disabled

Heap:
 garbage-first heap   total 2654208K, used 779684K [0x0000000444000000, 0x0000000800000000)
  region size 8192K, 5 young (40960K), 5 survivors (40960K)
 Metaspace       used 149763K, committed 150400K, reserved 1245184K
  class space    used 13381K, committed 13696K, reserved 1048576K

Heap Regions: E=young(eden), S=young(survivor), O=old, HS=humongous(starts), HC=humongous(continues), CS=collection set, F=free, TAMS=top-at-mark-start, PB=parsable bottom
|   0|0x0000000444000000, 0x00000004447ffff8, 0x0000000444800000| 99%| O|  |TAMS 0x0000000444000000| PB 0x0000000444000000| Untracked 
|   1|0x0000000444800000, 0x0000000445000000, 0x0000000445000000|100%| O|  |TAMS 0x0000000444800000| PB 0x0000000444800000| Untracked 
|   2|0x0000000445000000, 0x0000000445800000, 0x0000000445800000|100%|HS|  |TAMS 0x0000000445000000| PB 0x0000000445000000| Untracked 
|   3|0x0000000445800000, 0x0000000446000000, 0x0000000446000000|100%|HC|  |TAMS 0x0000000445800000| PB 0x0000000445800000| Untracked 
|   4|0x0000000446000000, 0x00000004467ffff8, 0x0000000446800000| 99%| O|  |TAMS 0x0000000446000000| PB 0x0000000446000000| Untracked 
|   5|0x0000000446800000, 0x0000000446ffffe0, 0x0000000447000000| 99%| O|  |TAMS 0x0000000446800000| PB 0x0000000446800000| Untracked 
|   6|0x0000000447000000, 0x0000000447800000, 0x0000000447800000|100%| O|  |TAMS 0x0000000447000000| PB 0x0000000447000000| Untracked 
|   7|0x0000000447800000, 0x0000000448000000, 0x0000000448000000|100%| O|  |TAMS 0x0000000447800000| PB 0x0000000447800000| Untracked 
|   8|0x0000000448000000, 0x0000000448800000, 0x0000000448800000|100%| O|  |TAMS 0x0000000448000000| PB 0x0000000448000000| Untracked 
|   9|0x0000000448800000, 0x0000000449000000, 0x0000000449000000|100%| O|  |TAMS 0x0000000448800000| PB 0x0000000448800000| Untracked 
|  10|0x0000000449000000, 0x00000004497ffff0, 0x0000000449800000| 99%| O|  |TAMS 0x0000000449000000| PB 0x0000000449000000| Untracked 
|  11|0x0000000449800000, 0x000000044a000000, 0x000000044a000000|100%| O|  |TAMS 0x0000000449800000| PB 0x0000000449800000| Untracked 
|  12|0x000000044a000000, 0x000000044a7fffd8, 0x000000044a800000| 99%| O|  |TAMS 0x000000044a000000| PB 0x000000044a000000| Untracked 
|  13|0x000000044a800000, 0x000000044affffe8, 0x000000044b000000| 99%| O|  |TAMS 0x000000044a800000| PB 0x000000044a800000| Untracked 
|  14|0x000000044b000000, 0x000000044b800000, 0x000000044b800000|100%| O|  |TAMS 0x000000044b000000| PB 0x000000044b000000| Untracked 
|  15|0x000000044b800000, 0x000000044bfffff8, 0x000000044c000000| 99%| O|  |TAMS 0x000000044b800000| PB 0x000000044b800000| Untracked 
|  16|0x000000044c000000, 0x000000044c800000, 0x000000044c800000|100%| O|  |TAMS 0x000000044c000000| PB 0x000000044c000000| Untracked 
|  17|0x000000044c800000, 0x000000044cffffe8, 0x000000044d000000| 99%| O|  |TAMS 0x000000044c800000| PB 0x000000044c800000| Untracked 
|  18|0x000000044d000000, 0x000000044d7fffd0, 0x000000044d800000| 99%| O|  |TAMS 0x000000044d000000| PB 0x000000044d000000| Untracked 
|  19|0x000000044d800000, 0x000000044e000000, 0x000000044e000000|100%| O|  |TAMS 0x000000044d800000| PB 0x000000044d800000| Untracked 
|  20|0x000000044e000000, 0x000000044e800000, 0x000000044e800000|100%| O|  |TAMS 0x000000044e000000| PB 0x000000044e000000| Untracked 
|  21|0x000000044e800000, 0x000000044f000000, 0x000000044f000000|100%| O|  |TAMS 0x000000044e800000| PB 0x000000044e800000| Untracked 
|  22|0x000000044f000000, 0x000000044f800000, 0x000000044f800000|100%| O|  |TAMS 0x000000044f000000| PB 0x000000044f000000| Untracked 
|  23|0x000000044f800000, 0x0000000450000000, 0x0000000450000000|100%| O|  |TAMS 0x000000044f800000| PB 0x000000044f800000| Untracked 
|  24|0x0000000450000000, 0x0000000450800000, 0x0000000450800000|100%| O|  |TAMS 0x0000000450000000| PB 0x0000000450000000| Untracked 
|  25|0x0000000450800000, 0x0000000450ffffe0, 0x0000000451000000| 99%| O|  |TAMS 0x0000000450800000| PB 0x0000000450800000| Untracked 
|  26|0x0000000451000000, 0x00000004517fffe8, 0x0000000451800000| 99%| O|  |TAMS 0x0000000451000000| PB 0x0000000451000000| Untracked 
|  27|0x0000000451800000, 0x0000000452000000, 0x0000000452000000|100%| O|  |TAMS 0x0000000451800000| PB 0x0000000451800000| Untracked 
|  28|0x0000000452000000, 0x0000000452800000, 0x0000000452800000|100%| O|  |TAMS 0x0000000452000000| PB 0x0000000452000000| Untracked 
|  29|0x0000000452800000, 0x0000000453000000, 0x0000000453000000|100%| O|  |TAMS 0x0000000452800000| PB 0x0000000452800000| Untracked 
|  30|0x0000000453000000, 0x0000000453800000, 0x0000000453800000|100%| O|  |TAMS 0x0000000453000000| PB 0x0000000453000000| Untracked 
|  31|0x0000000453800000, 0x0000000453fffff8, 0x0000000454000000| 99%| O|  |TAMS 0x0000000453800000| PB 0x0000000453800000| Untracked 
|  32|0x0000000454000000, 0x0000000454800000, 0x0000000454800000|100%| O|  |TAMS 0x0000000454000000| PB 0x0000000454000000| Untracked 
|  33|0x0000000454800000, 0x0000000455000000, 0x0000000455000000|100%| O|  |TAMS 0x0000000454800000| PB 0x0000000454800000| Untracked 
|  34|0x0000000455000000, 0x00000004557fffd0, 0x0000000455800000| 99%| O|  |TAMS 0x0000000455000000| PB 0x0000000455000000| Untracked 
|  35|0x0000000455800000, 0x0000000456000000, 0x0000000456000000|100%| O|  |TAMS 0x0000000455800000| PB 0x0000000455800000| Untracked 
|  36|0x0000000456000000, 0x00000004567ffff0, 0x0000000456800000| 99%| O|  |TAMS 0x0000000456000000| PB 0x0000000456000000| Untracked 
|  37|0x0000000456800000, 0x0000000456fffff8, 0x0000000457000000| 99%| O|  |TAMS 0x0000000456800000| PB 0x0000000456800000| Untracked 
|  38|0x0000000457000000, 0x0000000457800000, 0x0000000457800000|100%| O|  |TAMS 0x0000000457000000| PB 0x0000000457000000| Untracked 
|  39|0x0000000457800000, 0x0000000458000000, 0x0000000458000000|100%| O|  |TAMS 0x0000000457800000| PB 0x0000000457800000| Untracked 
|  40|0x0000000458000000, 0x0000000458800000, 0x0000000458800000|100%| O|  |TAMS 0x0000000458000000| PB 0x0000000458000000| Untracked 
|  41|0x0000000458800000, 0x0000000459000000, 0x0000000459000000|100%| O|  |TAMS 0x0000000458800000| PB 0x0000000458800000| Untracked 
|  42|0x0000000459000000, 0x0000000459800000, 0x0000000459800000|100%| O|  |TAMS 0x0000000459000000| PB 0x0000000459000000| Untracked 
|  43|0x0000000459800000, 0x000000045a000000, 0x000000045a000000|100%| O|  |TAMS 0x0000000459800000| PB 0x0000000459800000| Untracked 
|  44|0x000000045a000000, 0x000000045a800000, 0x000000045a800000|100%| O|  |TAMS 0x000000045a000000| PB 0x000000045a000000| Untracked 
|  45|0x000000045a800000, 0x000000045affffe0, 0x000000045b000000| 99%| O|  |TAMS 0x000000045a800000| PB 0x000000045a800000| Untracked 
|  46|0x000000045b000000, 0x000000045b800000, 0x000000045b800000|100%| O|  |TAMS 0x000000045b000000| PB 0x000000045b000000| Untracked 
|  47|0x000000045b800000, 0x000000045c000000, 0x000000045c000000|100%| O|  |TAMS 0x000000045b800000| PB 0x000000045b800000| Untracked 
|  48|0x000000045c000000, 0x000000045c800000, 0x000000045c800000|100%| O|  |TAMS 0x000000045c000000| PB 0x000000045c000000| Untracked 
|  49|0x000000045c800000, 0x000000045d000000, 0x000000045d000000|100%| O|  |TAMS 0x000000045c800000| PB 0x000000045c800000| Untracked 
|  50|0x000000045d000000, 0x000000045d800000, 0x000000045d800000|100%| O|  |TAMS 0x000000045d000000| PB 0x000000045d000000| Untracked 
|  51|0x000000045d800000, 0x000000045e000000, 0x000000045e000000|100%| O|  |TAMS 0x000000045d800000| PB 0x000000045d800000| Untracked 
|  52|0x000000045e000000, 0x000000045e800000, 0x000000045e800000|100%| O|  |TAMS 0x000000045e000000| PB 0x000000045e000000| Untracked 
|  53|0x000000045e800000, 0x000000045effffe0, 0x000000045f000000| 99%| O|  |TAMS 0x000000045e800000| PB 0x000000045e800000| Untracked 
|  54|0x000000045f000000, 0x000000045f800000, 0x000000045f800000|100%| O|  |TAMS 0x000000045f000000| PB 0x000000045f000000| Untracked 
|  55|0x000000045f800000, 0x000000045fffffe0, 0x0000000460000000| 99%| O|  |TAMS 0x000000045f800000| PB 0x000000045f800000| Untracked 
|  56|0x0000000460000000, 0x00000004607ffff8, 0x0000000460800000| 99%| O|  |TAMS 0x0000000460000000| PB 0x0000000460000000| Untracked 
|  57|0x0000000460800000, 0x0000000461000000, 0x0000000461000000|100%| O|  |TAMS 0x0000000460800000| PB 0x0000000460800000| Untracked 
|  58|0x0000000461000000, 0x00000004617ffff0, 0x0000000461800000| 99%| O|  |TAMS 0x0000000461000000| PB 0x0000000461000000| Untracked 
|  59|0x0000000461800000, 0x0000000462000000, 0x0000000462000000|100%| O|  |TAMS 0x0000000461800000| PB 0x0000000461800000| Untracked 
|  60|0x0000000462000000, 0x0000000462800000, 0x0000000462800000|100%| O|  |TAMS 0x0000000462000000| PB 0x0000000462000000| Untracked 
|  61|0x0000000462800000, 0x0000000463000000, 0x0000000463000000|100%| O|  |TAMS 0x0000000462800000| PB 0x0000000462800000| Untracked 
|  62|0x0000000463000000, 0x0000000463800000, 0x0000000463800000|100%| O|  |TAMS 0x0000000463000000| PB 0x0000000463000000| Untracked 
|  63|0x0000000463800000, 0x0000000464000000, 0x0000000464000000|100%| O|  |TAMS 0x0000000463800000| PB 0x0000000463800000| Untracked 
|  64|0x0000000464000000, 0x0000000464800000, 0x0000000464800000|100%| O|  |TAMS 0x0000000464000000| PB 0x0000000464000000| Untracked 
|  65|0x0000000464800000, 0x0000000465000000, 0x0000000465000000|100%| O|  |TAMS 0x0000000464800000| PB 0x0000000464800000| Untracked 
|  66|0x0000000465000000, 0x00000004657ffff8, 0x0000000465800000| 99%| O|  |TAMS 0x0000000465000000| PB 0x0000000465000000| Untracked 
|  67|0x0000000465800000, 0x0000000465ffffe0, 0x0000000466000000| 99%| O|  |TAMS 0x0000000465800000| PB 0x0000000465800000| Untracked 
|  68|0x0000000466000000, 0x000000046620b458, 0x0000000466800000| 25%| O|  |TAMS 0x0000000466000000| PB 0x0000000466000000| Untracked 
|  69|0x0000000466800000, 0x0000000467000000, 0x0000000467000000|100%| O|  |TAMS 0x0000000466800000| PB 0x0000000466800000| Untracked 
|  70|0x0000000467000000, 0x0000000467800000, 0x0000000467800000|100%| O|  |TAMS 0x0000000467000000| PB 0x0000000467000000| Untracked 
|  71|0x0000000467800000, 0x0000000468000000, 0x0000000468000000|100%| O|  |TAMS 0x0000000467800000| PB 0x0000000467800000| Untracked 
|  72|0x0000000468000000, 0x0000000468800000, 0x0000000468800000|100%| O|  |TAMS 0x0000000468000000| PB 0x0000000468000000| Untracked 
|  73|0x0000000468800000, 0x0000000468de4778, 0x0000000469000000| 73%| O|  |TAMS 0x0000000468800000| PB 0x0000000468800000| Untracked 
|  74|0x0000000469000000, 0x000000046956acc0, 0x0000000469800000| 67%| O|  |TAMS 0x0000000469000000| PB 0x0000000469000000| Untracked 
|  75|0x0000000469800000, 0x0000000469e64890, 0x000000046a000000| 79%| O|  |TAMS 0x0000000469800000| PB 0x0000000469800000| Untracked 
|  76|0x000000046a000000, 0x000000046a800000, 0x000000046a800000|100%| O|  |TAMS 0x000000046a000000| PB 0x000000046a000000| Untracked 
|  77|0x000000046a800000, 0x000000046aca9d20, 0x000000046b000000| 58%| O|  |TAMS 0x000000046a800000| PB 0x000000046a800000| Untracked 
|  78|0x000000046b000000, 0x000000046b1946d8, 0x000000046b800000| 19%| O|  |TAMS 0x000000046b000000| PB 0x000000046b000000| Untracked 
|  79|0x000000046b800000, 0x000000046c000000, 0x000000046c000000|100%| O|  |TAMS 0x000000046b800000| PB 0x000000046b800000| Untracked 
|  80|0x000000046c000000, 0x000000046c2d4710, 0x000000046c800000| 35%| O|  |TAMS 0x000000046c000000| PB 0x000000046c000000| Untracked 
|  81|0x000000046c800000, 0x000000046d000000, 0x000000046d000000|100%| O|  |TAMS 0x000000046c800000| PB 0x000000046c800000| Untracked 
|  82|0x000000046d000000, 0x000000046d800000, 0x000000046d800000|100%| O|  |TAMS 0x000000046d000000| PB 0x000000046d000000| Untracked 
|  83|0x000000046d800000, 0x000000046e000000, 0x000000046e000000|100%| O|  |TAMS 0x000000046d800000| PB 0x000000046d800000| Untracked 
|  84|0x000000046e000000, 0x000000046e800000, 0x000000046e800000|100%| O|  |TAMS 0x000000046e000000| PB 0x000000046e000000| Untracked 
|  85|0x000000046e800000, 0x000000046f000000, 0x000000046f000000|100%| O|  |TAMS 0x000000046e800000| PB 0x000000046e800000| Untracked 
|  86|0x000000046f000000, 0x000000046f800000, 0x000000046f800000|100%| O|  |TAMS 0x000000046f000000| PB 0x000000046f000000| Untracked 
|  87|0x000000046f800000, 0x0000000470000000, 0x0000000470000000|100%| O|  |TAMS 0x000000046f800000| PB 0x000000046f800000| Untracked 
|  88|0x0000000470000000, 0x0000000470800000, 0x0000000470800000|100%| O|  |TAMS 0x0000000470000000| PB 0x0000000470000000| Untracked 
|  89|0x0000000470800000, 0x0000000470d3e7b8, 0x0000000471000000| 65%| O|  |TAMS 0x0000000470800000| PB 0x0000000470800000| Untracked 
|  90|0x0000000471000000, 0x00000004714abbd8, 0x0000000471800000| 58%| O|  |TAMS 0x0000000471000000| PB 0x0000000471000000| Untracked 
|  91|0x0000000471800000, 0x0000000472000000, 0x0000000472000000|100%| O|  |TAMS 0x0000000471800000| PB 0x0000000471800000| Untracked 
|  92|0x0000000472000000, 0x0000000472800000, 0x0000000472800000|100%| O|  |TAMS 0x0000000472000000| PB 0x0000000472000000| Untracked 
|  93|0x0000000472800000, 0x0000000472b53410, 0x0000000473000000| 41%| O|  |TAMS 0x0000000472800000| PB 0x0000000472800000| Untracked 
|  94|0x0000000473000000, 0x0000000473030160, 0x0000000473800000|  2%| O|  |TAMS 0x0000000473000000| PB 0x0000000473000000| Untracked 
|  95|0x0000000473800000, 0x0000000473adc6b0, 0x0000000474000000| 35%| O|  |TAMS 0x0000000473800000| PB 0x0000000473800000| Untracked 
|  96|0x0000000474000000, 0x00000004745d6398, 0x0000000474800000| 72%| O|  |TAMS 0x0000000474000000| PB 0x0000000474000000| Untracked 
|  97|0x0000000474800000, 0x0000000474800000, 0x0000000475000000|  0%| F|  |TAMS 0x0000000474800000| PB 0x0000000474800000| Untracked 
|  98|0x0000000475000000, 0x0000000475000000, 0x0000000475800000|  0%| F|  |TAMS 0x0000000475000000| PB 0x0000000475000000| Untracked 
|  99|0x0000000475800000, 0x0000000475800000, 0x0000000476000000|  0%| F|  |TAMS 0x0000000475800000| PB 0x0000000475800000| Untracked 
| 100|0x0000000476000000, 0x0000000476000000, 0x0000000476800000|  0%| F|  |TAMS 0x0000000476000000| PB 0x0000000476000000| Untracked 
| 101|0x0000000476800000, 0x0000000476800000, 0x0000000477000000|  0%| F|  |TAMS 0x0000000476800000| PB 0x0000000476800000| Untracked 
| 102|0x0000000477000000, 0x0000000477000000, 0x0000000477800000|  0%| F|  |TAMS 0x0000000477000000| PB 0x0000000477000000| Untracked 
| 103|0x0000000477800000, 0x0000000477800000, 0x0000000478000000|  0%| F|  |TAMS 0x0000000477800000| PB 0x0000000477800000| Untracked 
| 104|0x0000000478000000, 0x0000000478000000, 0x0000000478800000|  0%| F|  |TAMS 0x0000000478000000| PB 0x0000000478000000| Untracked 
| 105|0x0000000478800000, 0x0000000478800000, 0x0000000479000000|  0%| F|  |TAMS 0x0000000478800000| PB 0x0000000478800000| Untracked 
| 106|0x0000000479000000, 0x0000000479000000, 0x0000000479800000|  0%| F|  |TAMS 0x0000000479000000| PB 0x0000000479000000| Untracked 
| 107|0x0000000479800000, 0x0000000479800000, 0x000000047a000000|  0%| F|  |TAMS 0x0000000479800000| PB 0x0000000479800000| Untracked 
| 108|0x000000047a000000, 0x000000047a000000, 0x000000047a800000|  0%| F|  |TAMS 0x000000047a000000| PB 0x000000047a000000| Untracked 
| 109|0x000000047a800000, 0x000000047a800000, 0x000000047b000000|  0%| F|  |TAMS 0x000000047a800000| PB 0x000000047a800000| Untracked 
| 110|0x000000047b000000, 0x000000047b000000, 0x000000047b800000|  0%| F|  |TAMS 0x000000047b000000| PB 0x000000047b000000| Untracked 
| 111|0x000000047b800000, 0x000000047b800000, 0x000000047c000000|  0%| F|  |TAMS 0x000000047b800000| PB 0x000000047b800000| Untracked 
| 112|0x000000047c000000, 0x000000047c000000, 0x000000047c800000|  0%| F|  |TAMS 0x000000047c000000| PB 0x000000047c000000| Untracked 
| 113|0x000000047c800000, 0x000000047c800000, 0x000000047d000000|  0%| F|  |TAMS 0x000000047c800000| PB 0x000000047c800000| Untracked 
| 114|0x000000047d000000, 0x000000047d000000, 0x000000047d800000|  0%| F|  |TAMS 0x000000047d000000| PB 0x000000047d000000| Untracked 
| 115|0x000000047d800000, 0x000000047d800000, 0x000000047e000000|  0%| F|  |TAMS 0x000000047d800000| PB 0x000000047d800000| Untracked 
| 116|0x000000047e000000, 0x000000047e000000, 0x000000047e800000|  0%| F|  |TAMS 0x000000047e000000| PB 0x000000047e000000| Untracked 
| 117|0x000000047e800000, 0x000000047e800000, 0x000000047f000000|  0%| F|  |TAMS 0x000000047e800000| PB 0x000000047e800000| Untracked 
| 118|0x000000047f000000, 0x000000047f000000, 0x000000047f800000|  0%| F|  |TAMS 0x000000047f000000| PB 0x000000047f000000| Untracked 
| 119|0x000000047f800000, 0x000000047f800000, 0x0000000480000000|  0%| F|  |TAMS 0x000000047f800000| PB 0x000000047f800000| Untracked 
| 120|0x0000000480000000, 0x0000000480000000, 0x0000000480800000|  0%| F|  |TAMS 0x0000000480000000| PB 0x0000000480000000| Untracked 
| 121|0x0000000480800000, 0x0000000480800000, 0x0000000481000000|  0%| F|  |TAMS 0x0000000480800000| PB 0x0000000480800000| Untracked 
| 122|0x0000000481000000, 0x0000000481000000, 0x0000000481800000|  0%| F|  |TAMS 0x0000000481000000| PB 0x0000000481000000| Untracked 
| 123|0x0000000481800000, 0x0000000481800000, 0x0000000482000000|  0%| F|  |TAMS 0x0000000481800000| PB 0x0000000481800000| Untracked 
| 124|0x0000000482000000, 0x0000000482000000, 0x0000000482800000|  0%| F|  |TAMS 0x0000000482000000| PB 0x0000000482000000| Untracked 
| 125|0x0000000482800000, 0x0000000482e77400, 0x0000000483000000| 80%| S|CS|TAMS 0x0000000482800000| PB 0x0000000482800000| Complete 
| 126|0x0000000483000000, 0x0000000483800000, 0x0000000483800000|100%| S|CS|TAMS 0x0000000483000000| PB 0x0000000483000000| Complete 
| 127|0x0000000483800000, 0x0000000484000000, 0x0000000484000000|100%| S|CS|TAMS 0x0000000483800000| PB 0x0000000483800000| Complete 
| 128|0x0000000484000000, 0x0000000484800000, 0x0000000484800000|100%| S|CS|TAMS 0x0000000484000000| PB 0x0000000484000000| Complete 
| 129|0x0000000484800000, 0x0000000485000000, 0x0000000485000000|100%| S|CS|TAMS 0x0000000484800000| PB 0x0000000484800000| Complete 
| 130|0x0000000485000000, 0x0000000485000000, 0x0000000485800000|  0%| F|  |TAMS 0x0000000485000000| PB 0x0000000485000000| Untracked 
| 131|0x0000000485800000, 0x0000000485800000, 0x0000000486000000|  0%| F|  |TAMS 0x0000000485800000| PB 0x0000000485800000| Untracked 
| 132|0x0000000486000000, 0x0000000486000000, 0x0000000486800000|  0%| F|  |TAMS 0x0000000486000000| PB 0x0000000486000000| Untracked 
| 133|0x0000000486800000, 0x0000000486800000, 0x0000000487000000|  0%| F|  |TAMS 0x0000000486800000| PB 0x0000000486800000| Untracked 
| 134|0x0000000487000000, 0x0000000487000000, 0x0000000487800000|  0%| F|  |TAMS 0x0000000487000000| PB 0x0000000487000000| Untracked 
| 135|0x0000000487800000, 0x0000000487800000, 0x0000000488000000|  0%| F|  |TAMS 0x0000000487800000| PB 0x0000000487800000| Untracked 
| 136|0x0000000488000000, 0x0000000488000000, 0x0000000488800000|  0%| F|  |TAMS 0x0000000488000000| PB 0x0000000488000000| Untracked 
| 137|0x0000000488800000, 0x0000000488800000, 0x0000000489000000|  0%| F|  |TAMS 0x0000000488800000| PB 0x0000000488800000| Untracked 
| 138|0x0000000489000000, 0x0000000489000000, 0x0000000489800000|  0%| F|  |TAMS 0x0000000489000000| PB 0x0000000489000000| Untracked 
| 139|0x0000000489800000, 0x0000000489800000, 0x000000048a000000|  0%| F|  |TAMS 0x0000000489800000| PB 0x0000000489800000| Untracked 
| 140|0x000000048a000000, 0x000000048a000000, 0x000000048a800000|  0%| F|  |TAMS 0x000000048a000000| PB 0x000000048a000000| Untracked 
| 141|0x000000048a800000, 0x000000048a800000, 0x000000048b000000|  0%| F|  |TAMS 0x000000048a800000| PB 0x000000048a800000| Untracked 
| 142|0x000000048b000000, 0x000000048b000000, 0x000000048b800000|  0%| F|  |TAMS 0x000000048b000000| PB 0x000000048b000000| Untracked 
| 143|0x000000048b800000, 0x000000048b800000, 0x000000048c000000|  0%| F|  |TAMS 0x000000048b800000| PB 0x000000048b800000| Untracked 
| 144|0x000000048c000000, 0x000000048c000000, 0x000000048c800000|  0%| F|  |TAMS 0x000000048c000000| PB 0x000000048c000000| Untracked 
| 145|0x000000048c800000, 0x000000048c800000, 0x000000048d000000|  0%| F|  |TAMS 0x000000048c800000| PB 0x000000048c800000| Untracked 
| 146|0x000000048d000000, 0x000000048d000000, 0x000000048d800000|  0%| F|  |TAMS 0x000000048d000000| PB 0x000000048d000000| Untracked 
| 147|0x000000048d800000, 0x000000048d800000, 0x000000048e000000|  0%| F|  |TAMS 0x000000048d800000| PB 0x000000048d800000| Untracked 
| 148|0x000000048e000000, 0x000000048e000000, 0x000000048e800000|  0%| F|  |TAMS 0x000000048e000000| PB 0x000000048e000000| Untracked 
| 149|0x000000048e800000, 0x000000048e800000, 0x000000048f000000|  0%| F|  |TAMS 0x000000048e800000| PB 0x000000048e800000| Untracked 
| 150|0x000000048f000000, 0x000000048f000000, 0x000000048f800000|  0%| F|  |TAMS 0x000000048f000000| PB 0x000000048f000000| Untracked 
| 151|0x000000048f800000, 0x000000048f800000, 0x0000000490000000|  0%| F|  |TAMS 0x000000048f800000| PB 0x000000048f800000| Untracked 
| 152|0x0000000490000000, 0x0000000490000000, 0x0000000490800000|  0%| F|  |TAMS 0x0000000490000000| PB 0x0000000490000000| Untracked 
| 153|0x0000000490800000, 0x0000000490800000, 0x0000000491000000|  0%| F|  |TAMS 0x0000000490800000| PB 0x0000000490800000| Untracked 
| 154|0x0000000491000000, 0x0000000491000000, 0x0000000491800000|  0%| F|  |TAMS 0x0000000491000000| PB 0x0000000491000000| Untracked 
| 155|0x0000000491800000, 0x0000000491800000, 0x0000000492000000|  0%| F|  |TAMS 0x0000000491800000| PB 0x0000000491800000| Untracked 
| 156|0x0000000492000000, 0x0000000492000000, 0x0000000492800000|  0%| F|  |TAMS 0x0000000492000000| PB 0x0000000492000000| Untracked 
| 157|0x0000000492800000, 0x0000000492800000, 0x0000000493000000|  0%| F|  |TAMS 0x0000000492800000| PB 0x0000000492800000| Untracked 
| 158|0x0000000493000000, 0x0000000493000000, 0x0000000493800000|  0%| F|  |TAMS 0x0000000493000000| PB 0x0000000493000000| Untracked 
| 159|0x0000000493800000, 0x0000000493800000, 0x0000000494000000|  0%| F|  |TAMS 0x0000000493800000| PB 0x0000000493800000| Untracked 
| 160|0x0000000494000000, 0x0000000494000000, 0x0000000494800000|  0%| F|  |TAMS 0x0000000494000000| PB 0x0000000494000000| Untracked 
| 161|0x0000000494800000, 0x0000000494800000, 0x0000000495000000|  0%| F|  |TAMS 0x0000000494800000| PB 0x0000000494800000| Untracked 
| 162|0x0000000495000000, 0x0000000495000000, 0x0000000495800000|  0%| F|  |TAMS 0x0000000495000000| PB 0x0000000495000000| Untracked 
| 163|0x0000000495800000, 0x0000000495800000, 0x0000000496000000|  0%| F|  |TAMS 0x0000000495800000| PB 0x0000000495800000| Untracked 
| 164|0x0000000496000000, 0x0000000496000000, 0x0000000496800000|  0%| F|  |TAMS 0x0000000496000000| PB 0x0000000496000000| Untracked 
| 165|0x0000000496800000, 0x0000000496800000, 0x0000000497000000|  0%| F|  |TAMS 0x0000000496800000| PB 0x0000000496800000| Untracked 
| 166|0x0000000497000000, 0x0000000497000000, 0x0000000497800000|  0%| F|  |TAMS 0x0000000497000000| PB 0x0000000497000000| Untracked 
| 167|0x0000000497800000, 0x0000000497800000, 0x0000000498000000|  0%| F|  |TAMS 0x0000000497800000| PB 0x0000000497800000| Untracked 
| 168|0x0000000498000000, 0x0000000498000000, 0x0000000498800000|  0%| F|  |TAMS 0x0000000498000000| PB 0x0000000498000000| Untracked 
| 169|0x0000000498800000, 0x0000000498800000, 0x0000000499000000|  0%| F|  |TAMS 0x0000000498800000| PB 0x0000000498800000| Untracked 
| 170|0x0000000499000000, 0x0000000499000000, 0x0000000499800000|  0%| F|  |TAMS 0x0000000499000000| PB 0x0000000499000000| Untracked 
| 171|0x0000000499800000, 0x0000000499800000, 0x000000049a000000|  0%| F|  |TAMS 0x0000000499800000| PB 0x0000000499800000| Untracked 
| 172|0x000000049a000000, 0x000000049a000000, 0x000000049a800000|  0%| F|  |TAMS 0x000000049a000000| PB 0x000000049a000000| Untracked 
| 173|0x000000049a800000, 0x000000049a800000, 0x000000049b000000|  0%| F|  |TAMS 0x000000049a800000| PB 0x000000049a800000| Untracked 
| 174|0x000000049b000000, 0x000000049b000000, 0x000000049b800000|  0%| F|  |TAMS 0x000000049b000000| PB 0x000000049b000000| Untracked 
| 175|0x000000049b800000, 0x000000049b800000, 0x000000049c000000|  0%| F|  |TAMS 0x000000049b800000| PB 0x000000049b800000| Untracked 
| 176|0x000000049c000000, 0x000000049c000000, 0x000000049c800000|  0%| F|  |TAMS 0x000000049c000000| PB 0x000000049c000000| Untracked 
| 177|0x000000049c800000, 0x000000049c800000, 0x000000049d000000|  0%| F|  |TAMS 0x000000049c800000| PB 0x000000049c800000| Untracked 
| 178|0x000000049d000000, 0x000000049d000000, 0x000000049d800000|  0%| F|  |TAMS 0x000000049d000000| PB 0x000000049d000000| Untracked 
| 179|0x000000049d800000, 0x000000049d800000, 0x000000049e000000|  0%| F|  |TAMS 0x000000049d800000| PB 0x000000049d800000| Untracked 
| 180|0x000000049e000000, 0x000000049e000000, 0x000000049e800000|  0%| F|  |TAMS 0x000000049e000000| PB 0x000000049e000000| Untracked 
| 181|0x000000049e800000, 0x000000049e800000, 0x000000049f000000|  0%| F|  |TAMS 0x000000049e800000| PB 0x000000049e800000| Untracked 
| 182|0x000000049f000000, 0x000000049f000000, 0x000000049f800000|  0%| F|  |TAMS 0x000000049f000000| PB 0x000000049f000000| Untracked 
| 183|0x000000049f800000, 0x000000049f800000, 0x00000004a0000000|  0%| F|  |TAMS 0x000000049f800000| PB 0x000000049f800000| Untracked 
| 184|0x00000004a0000000, 0x00000004a0000000, 0x00000004a0800000|  0%| F|  |TAMS 0x00000004a0000000| PB 0x00000004a0000000| Untracked 
| 185|0x00000004a0800000, 0x00000004a0800000, 0x00000004a1000000|  0%| F|  |TAMS 0x00000004a0800000| PB 0x00000004a0800000| Untracked 
| 186|0x00000004a1000000, 0x00000004a1000000, 0x00000004a1800000|  0%| F|  |TAMS 0x00000004a1000000| PB 0x00000004a1000000| Untracked 
| 187|0x00000004a1800000, 0x00000004a1800000, 0x00000004a2000000|  0%| F|  |TAMS 0x00000004a1800000| PB 0x00000004a1800000| Untracked 
| 188|0x00000004a2000000, 0x00000004a2000000, 0x00000004a2800000|  0%| F|  |TAMS 0x00000004a2000000| PB 0x00000004a2000000| Untracked 
| 189|0x00000004a2800000, 0x00000004a2800000, 0x00000004a3000000|  0%| F|  |TAMS 0x00000004a2800000| PB 0x00000004a2800000| Untracked 
| 190|0x00000004a3000000, 0x00000004a3000000, 0x00000004a3800000|  0%| F|  |TAMS 0x00000004a3000000| PB 0x00000004a3000000| Untracked 
| 191|0x00000004a3800000, 0x00000004a3800000, 0x00000004a4000000|  0%| F|  |TAMS 0x00000004a3800000| PB 0x00000004a3800000| Untracked 
| 192|0x00000004a4000000, 0x00000004a4000000, 0x00000004a4800000|  0%| F|  |TAMS 0x00000004a4000000| PB 0x00000004a4000000| Untracked 
| 193|0x00000004a4800000, 0x00000004a4800000, 0x00000004a5000000|  0%| F|  |TAMS 0x00000004a4800000| PB 0x00000004a4800000| Untracked 
| 194|0x00000004a5000000, 0x00000004a5000000, 0x00000004a5800000|  0%| F|  |TAMS 0x00000004a5000000| PB 0x00000004a5000000| Untracked 
| 195|0x00000004a5800000, 0x00000004a5800000, 0x00000004a6000000|  0%| F|  |TAMS 0x00000004a5800000| PB 0x00000004a5800000| Untracked 
| 196|0x00000004a6000000, 0x00000004a6000000, 0x00000004a6800000|  0%| F|  |TAMS 0x00000004a6000000| PB 0x00000004a6000000| Untracked 
| 197|0x00000004a6800000, 0x00000004a6800000, 0x00000004a7000000|  0%| F|  |TAMS 0x00000004a6800000| PB 0x00000004a6800000| Untracked 
| 198|0x00000004a7000000, 0x00000004a7000000, 0x00000004a7800000|  0%| F|  |TAMS 0x00000004a7000000| PB 0x00000004a7000000| Untracked 
| 199|0x00000004a7800000, 0x00000004a7800000, 0x00000004a8000000|  0%| F|  |TAMS 0x00000004a7800000| PB 0x00000004a7800000| Untracked 
| 200|0x00000004a8000000, 0x00000004a8000000, 0x00000004a8800000|  0%| F|  |TAMS 0x00000004a8000000| PB 0x00000004a8000000| Untracked 
| 201|0x00000004a8800000, 0x00000004a8800000, 0x00000004a9000000|  0%| F|  |TAMS 0x00000004a8800000| PB 0x00000004a8800000| Untracked 
| 202|0x00000004a9000000, 0x00000004a9000000, 0x00000004a9800000|  0%| F|  |TAMS 0x00000004a9000000| PB 0x00000004a9000000| Untracked 
| 203|0x00000004a9800000, 0x00000004a9800000, 0x00000004aa000000|  0%| F|  |TAMS 0x00000004a9800000| PB 0x00000004a9800000| Untracked 
| 204|0x00000004aa000000, 0x00000004aa000000, 0x00000004aa800000|  0%| F|  |TAMS 0x00000004aa000000| PB 0x00000004aa000000| Untracked 
| 205|0x00000004aa800000, 0x00000004aa800000, 0x00000004ab000000|  0%| F|  |TAMS 0x00000004aa800000| PB 0x00000004aa800000| Untracked 
| 206|0x00000004ab000000, 0x00000004ab000000, 0x00000004ab800000|  0%| F|  |TAMS 0x00000004ab000000| PB 0x00000004ab000000| Untracked 
| 207|0x00000004ab800000, 0x00000004ab800000, 0x00000004ac000000|  0%| F|  |TAMS 0x00000004ab800000| PB 0x00000004ab800000| Untracked 
| 208|0x00000004ac000000, 0x00000004ac000000, 0x00000004ac800000|  0%| F|  |TAMS 0x00000004ac000000| PB 0x00000004ac000000| Untracked 
| 209|0x00000004ac800000, 0x00000004ac800000, 0x00000004ad000000|  0%| F|  |TAMS 0x00000004ac800000| PB 0x00000004ac800000| Untracked 
| 210|0x00000004ad000000, 0x00000004ad000000, 0x00000004ad800000|  0%| F|  |TAMS 0x00000004ad000000| PB 0x00000004ad000000| Untracked 
| 211|0x00000004ad800000, 0x00000004ad800000, 0x00000004ae000000|  0%| F|  |TAMS 0x00000004ad800000| PB 0x00000004ad800000| Untracked 
| 212|0x00000004ae000000, 0x00000004ae000000, 0x00000004ae800000|  0%| F|  |TAMS 0x00000004ae000000| PB 0x00000004ae000000| Untracked 
| 213|0x00000004ae800000, 0x00000004ae800000, 0x00000004af000000|  0%| F|  |TAMS 0x00000004ae800000| PB 0x00000004ae800000| Untracked 
| 214|0x00000004af000000, 0x00000004af000000, 0x00000004af800000|  0%| F|  |TAMS 0x00000004af000000| PB 0x00000004af000000| Untracked 
| 215|0x00000004af800000, 0x00000004af800000, 0x00000004b0000000|  0%| F|  |TAMS 0x00000004af800000| PB 0x00000004af800000| Untracked 
| 216|0x00000004b0000000, 0x00000004b0000000, 0x00000004b0800000|  0%| F|  |TAMS 0x00000004b0000000| PB 0x00000004b0000000| Untracked 
| 217|0x00000004b0800000, 0x00000004b0800000, 0x00000004b1000000|  0%| F|  |TAMS 0x00000004b0800000| PB 0x00000004b0800000| Untracked 
| 218|0x00000004b1000000, 0x00000004b1000000, 0x00000004b1800000|  0%| F|  |TAMS 0x00000004b1000000| PB 0x00000004b1000000| Untracked 
| 219|0x00000004b1800000, 0x00000004b1800000, 0x00000004b2000000|  0%| F|  |TAMS 0x00000004b1800000| PB 0x00000004b1800000| Untracked 
| 220|0x00000004b2000000, 0x00000004b2000000, 0x00000004b2800000|  0%| F|  |TAMS 0x00000004b2000000| PB 0x00000004b2000000| Untracked 
| 221|0x00000004b2800000, 0x00000004b2800000, 0x00000004b3000000|  0%| F|  |TAMS 0x00000004b2800000| PB 0x00000004b2800000| Untracked 
| 222|0x00000004b3000000, 0x00000004b3000000, 0x00000004b3800000|  0%| F|  |TAMS 0x00000004b3000000| PB 0x00000004b3000000| Untracked 
| 223|0x00000004b3800000, 0x00000004b3800000, 0x00000004b4000000|  0%| F|  |TAMS 0x00000004b3800000| PB 0x00000004b3800000| Untracked 
| 224|0x00000004b4000000, 0x00000004b4000000, 0x00000004b4800000|  0%| F|  |TAMS 0x00000004b4000000| PB 0x00000004b4000000| Untracked 
| 225|0x00000004b4800000, 0x00000004b4800000, 0x00000004b5000000|  0%| F|  |TAMS 0x00000004b4800000| PB 0x00000004b4800000| Untracked 
| 226|0x00000004b5000000, 0x00000004b5000000, 0x00000004b5800000|  0%| F|  |TAMS 0x00000004b5000000| PB 0x00000004b5000000| Untracked 
| 227|0x00000004b5800000, 0x00000004b5800000, 0x00000004b6000000|  0%| F|  |TAMS 0x00000004b5800000| PB 0x00000004b5800000| Untracked 
| 228|0x00000004b6000000, 0x00000004b6000000, 0x00000004b6800000|  0%| F|  |TAMS 0x00000004b6000000| PB 0x00000004b6000000| Untracked 
| 229|0x00000004b6800000, 0x00000004b6800000, 0x00000004b7000000|  0%| F|  |TAMS 0x00000004b6800000| PB 0x00000004b6800000| Untracked 
| 230|0x00000004b7000000, 0x00000004b7000000, 0x00000004b7800000|  0%| F|  |TAMS 0x00000004b7000000| PB 0x00000004b7000000| Untracked 
| 231|0x00000004b7800000, 0x00000004b7800000, 0x00000004b8000000|  0%| F|  |TAMS 0x00000004b7800000| PB 0x00000004b7800000| Untracked 
| 232|0x00000004b8000000, 0x00000004b8000000, 0x00000004b8800000|  0%| F|  |TAMS 0x00000004b8000000| PB 0x00000004b8000000| Untracked 
| 233|0x00000004b8800000, 0x00000004b8800000, 0x00000004b9000000|  0%| F|  |TAMS 0x00000004b8800000| PB 0x00000004b8800000| Untracked 
| 234|0x00000004b9000000, 0x00000004b9000000, 0x00000004b9800000|  0%| F|  |TAMS 0x00000004b9000000| PB 0x00000004b9000000| Untracked 
| 235|0x00000004b9800000, 0x00000004b9800000, 0x00000004ba000000|  0%| F|  |TAMS 0x00000004b9800000| PB 0x00000004b9800000| Untracked 
| 236|0x00000004ba000000, 0x00000004ba000000, 0x00000004ba800000|  0%| F|  |TAMS 0x00000004ba000000| PB 0x00000004ba000000| Untracked 
| 237|0x00000004ba800000, 0x00000004ba800000, 0x00000004bb000000|  0%| F|  |TAMS 0x00000004ba800000| PB 0x00000004ba800000| Untracked 
| 238|0x00000004bb000000, 0x00000004bb000000, 0x00000004bb800000|  0%| F|  |TAMS 0x00000004bb000000| PB 0x00000004bb000000| Untracked 
| 239|0x00000004bb800000, 0x00000004bb800000, 0x00000004bc000000|  0%| F|  |TAMS 0x00000004bb800000| PB 0x00000004bb800000| Untracked 
| 240|0x00000004bc000000, 0x00000004bc000000, 0x00000004bc800000|  0%| F|  |TAMS 0x00000004bc000000| PB 0x00000004bc000000| Untracked 
| 241|0x00000004bc800000, 0x00000004bc800000, 0x00000004bd000000|  0%| F|  |TAMS 0x00000004bc800000| PB 0x00000004bc800000| Untracked 
| 242|0x00000004bd000000, 0x00000004bd000000, 0x00000004bd800000|  0%| F|  |TAMS 0x00000004bd000000| PB 0x00000004bd000000| Untracked 
| 243|0x00000004bd800000, 0x00000004bd800000, 0x00000004be000000|  0%| F|  |TAMS 0x00000004bd800000| PB 0x00000004bd800000| Untracked 
| 244|0x00000004be000000, 0x00000004be000000, 0x00000004be800000|  0%| F|  |TAMS 0x00000004be000000| PB 0x00000004be000000| Untracked 
| 245|0x00000004be800000, 0x00000004be800000, 0x00000004bf000000|  0%| F|  |TAMS 0x00000004be800000| PB 0x00000004be800000| Untracked 
| 246|0x00000004bf000000, 0x00000004bf000000, 0x00000004bf800000|  0%| F|  |TAMS 0x00000004bf000000| PB 0x00000004bf000000| Untracked 
| 247|0x00000004bf800000, 0x00000004bf800000, 0x00000004c0000000|  0%| F|  |TAMS 0x00000004bf800000| PB 0x00000004bf800000| Untracked 
| 248|0x00000004c0000000, 0x00000004c0000000, 0x00000004c0800000|  0%| F|  |TAMS 0x00000004c0000000| PB 0x00000004c0000000| Untracked 
| 249|0x00000004c0800000, 0x00000004c0800000, 0x00000004c1000000|  0%| F|  |TAMS 0x00000004c0800000| PB 0x00000004c0800000| Untracked 
| 250|0x00000004c1000000, 0x00000004c1000000, 0x00000004c1800000|  0%| F|  |TAMS 0x00000004c1000000| PB 0x00000004c1000000| Untracked 
| 251|0x00000004c1800000, 0x00000004c1800000, 0x00000004c2000000|  0%| F|  |TAMS 0x00000004c1800000| PB 0x00000004c1800000| Untracked 
| 252|0x00000004c2000000, 0x00000004c2000000, 0x00000004c2800000|  0%| F|  |TAMS 0x00000004c2000000| PB 0x00000004c2000000| Untracked 
| 253|0x00000004c2800000, 0x00000004c2800000, 0x00000004c3000000|  0%| F|  |TAMS 0x00000004c2800000| PB 0x00000004c2800000| Untracked 
| 254|0x00000004c3000000, 0x00000004c3000000, 0x00000004c3800000|  0%| F|  |TAMS 0x00000004c3000000| PB 0x00000004c3000000| Untracked 
| 255|0x00000004c3800000, 0x00000004c3800000, 0x00000004c4000000|  0%| F|  |TAMS 0x00000004c3800000| PB 0x00000004c3800000| Untracked 
| 256|0x00000004c4000000, 0x00000004c4000000, 0x00000004c4800000|  0%| F|  |TAMS 0x00000004c4000000| PB 0x00000004c4000000| Untracked 
| 257|0x00000004c4800000, 0x00000004c4800000, 0x00000004c5000000|  0%| F|  |TAMS 0x00000004c4800000| PB 0x00000004c4800000| Untracked 
| 258|0x00000004c5000000, 0x00000004c5000000, 0x00000004c5800000|  0%| F|  |TAMS 0x00000004c5000000| PB 0x00000004c5000000| Untracked 
| 259|0x00000004c5800000, 0x00000004c5800000, 0x00000004c6000000|  0%| F|  |TAMS 0x00000004c5800000| PB 0x00000004c5800000| Untracked 
| 260|0x00000004c6000000, 0x00000004c6000000, 0x00000004c6800000|  0%| F|  |TAMS 0x00000004c6000000| PB 0x00000004c6000000| Untracked 
| 261|0x00000004c6800000, 0x00000004c6800000, 0x00000004c7000000|  0%| F|  |TAMS 0x00000004c6800000| PB 0x00000004c6800000| Untracked 
| 262|0x00000004c7000000, 0x00000004c7000000, 0x00000004c7800000|  0%| F|  |TAMS 0x00000004c7000000| PB 0x00000004c7000000| Untracked 
| 263|0x00000004c7800000, 0x00000004c7800000, 0x00000004c8000000|  0%| F|  |TAMS 0x00000004c7800000| PB 0x00000004c7800000| Untracked 
| 264|0x00000004c8000000, 0x00000004c8000000, 0x00000004c8800000|  0%| F|  |TAMS 0x00000004c8000000| PB 0x00000004c8000000| Untracked 
| 265|0x00000004c8800000, 0x00000004c8800000, 0x00000004c9000000|  0%| F|  |TAMS 0x00000004c8800000| PB 0x00000004c8800000| Untracked 
| 266|0x00000004c9000000, 0x00000004c9000000, 0x00000004c9800000|  0%| F|  |TAMS 0x00000004c9000000| PB 0x00000004c9000000| Untracked 
| 267|0x00000004c9800000, 0x00000004c9800000, 0x00000004ca000000|  0%| F|  |TAMS 0x00000004c9800000| PB 0x00000004c9800000| Untracked 
| 268|0x00000004ca000000, 0x00000004ca000000, 0x00000004ca800000|  0%| F|  |TAMS 0x00000004ca000000| PB 0x00000004ca000000| Untracked 
| 269|0x00000004ca800000, 0x00000004ca800000, 0x00000004cb000000|  0%| F|  |TAMS 0x00000004ca800000| PB 0x00000004ca800000| Untracked 
| 270|0x00000004cb000000, 0x00000004cb000000, 0x00000004cb800000|  0%| F|  |TAMS 0x00000004cb000000| PB 0x00000004cb000000| Untracked 
| 271|0x00000004cb800000, 0x00000004cb800000, 0x00000004cc000000|  0%| F|  |TAMS 0x00000004cb800000| PB 0x00000004cb800000| Untracked 
| 272|0x00000004cc000000, 0x00000004cc000000, 0x00000004cc800000|  0%| F|  |TAMS 0x00000004cc000000| PB 0x00000004cc000000| Untracked 
| 273|0x00000004cc800000, 0x00000004cc800000, 0x00000004cd000000|  0%| F|  |TAMS 0x00000004cc800000| PB 0x00000004cc800000| Untracked 
| 274|0x00000004cd000000, 0x00000004cd000000, 0x00000004cd800000|  0%| F|  |TAMS 0x00000004cd000000| PB 0x00000004cd000000| Untracked 
| 275|0x00000004cd800000, 0x00000004cd800000, 0x00000004ce000000|  0%| F|  |TAMS 0x00000004cd800000| PB 0x00000004cd800000| Untracked 
| 276|0x00000004ce000000, 0x00000004ce000000, 0x00000004ce800000|  0%| F|  |TAMS 0x00000004ce000000| PB 0x00000004ce000000| Untracked 
| 277|0x00000004ce800000, 0x00000004ce800000, 0x00000004cf000000|  0%| F|  |TAMS 0x00000004ce800000| PB 0x00000004ce800000| Untracked 
| 278|0x00000004cf000000, 0x00000004cf000000, 0x00000004cf800000|  0%| F|  |TAMS 0x00000004cf000000| PB 0x00000004cf000000| Untracked 
| 279|0x00000004cf800000, 0x00000004cf800000, 0x00000004d0000000|  0%| F|  |TAMS 0x00000004cf800000| PB 0x00000004cf800000| Untracked 
| 280|0x00000004d0000000, 0x00000004d0000000, 0x00000004d0800000|  0%| F|  |TAMS 0x00000004d0000000| PB 0x00000004d0000000| Untracked 
| 281|0x00000004d0800000, 0x00000004d0800000, 0x00000004d1000000|  0%| F|  |TAMS 0x00000004d0800000| PB 0x00000004d0800000| Untracked 
| 282|0x00000004d1000000, 0x00000004d1000000, 0x00000004d1800000|  0%| F|  |TAMS 0x00000004d1000000| PB 0x00000004d1000000| Untracked 
| 283|0x00000004d1800000, 0x00000004d1800000, 0x00000004d2000000|  0%| F|  |TAMS 0x00000004d1800000| PB 0x00000004d1800000| Untracked 
| 284|0x00000004d2000000, 0x00000004d2000000, 0x00000004d2800000|  0%| F|  |TAMS 0x00000004d2000000| PB 0x00000004d2000000| Untracked 
| 285|0x00000004d2800000, 0x00000004d2800000, 0x00000004d3000000|  0%| F|  |TAMS 0x00000004d2800000| PB 0x00000004d2800000| Untracked 
| 286|0x00000004d3000000, 0x00000004d3000000, 0x00000004d3800000|  0%| F|  |TAMS 0x00000004d3000000| PB 0x00000004d3000000| Untracked 
| 287|0x00000004d3800000, 0x00000004d3800000, 0x00000004d4000000|  0%| F|  |TAMS 0x00000004d3800000| PB 0x00000004d3800000| Untracked 
| 288|0x00000004d4000000, 0x00000004d4000000, 0x00000004d4800000|  0%| F|  |TAMS 0x00000004d4000000| PB 0x00000004d4000000| Untracked 
| 289|0x00000004d4800000, 0x00000004d4800000, 0x00000004d5000000|  0%| F|  |TAMS 0x00000004d4800000| PB 0x00000004d4800000| Untracked 
| 290|0x00000004d5000000, 0x00000004d5000000, 0x00000004d5800000|  0%| F|  |TAMS 0x00000004d5000000| PB 0x00000004d5000000| Untracked 
| 291|0x00000004d5800000, 0x00000004d5800000, 0x00000004d6000000|  0%| F|  |TAMS 0x00000004d5800000| PB 0x00000004d5800000| Untracked 
| 292|0x00000004d6000000, 0x00000004d6000000, 0x00000004d6800000|  0%| F|  |TAMS 0x00000004d6000000| PB 0x00000004d6000000| Untracked 
| 293|0x00000004d6800000, 0x00000004d6800000, 0x00000004d7000000|  0%| F|  |TAMS 0x00000004d6800000| PB 0x00000004d6800000| Untracked 
| 294|0x00000004d7000000, 0x00000004d7000000, 0x00000004d7800000|  0%| F|  |TAMS 0x00000004d7000000| PB 0x00000004d7000000| Untracked 
| 295|0x00000004d7800000, 0x00000004d7800000, 0x00000004d8000000|  0%| F|  |TAMS 0x00000004d7800000| PB 0x00000004d7800000| Untracked 
| 296|0x00000004d8000000, 0x00000004d8000000, 0x00000004d8800000|  0%| F|  |TAMS 0x00000004d8000000| PB 0x00000004d8000000| Untracked 
| 297|0x00000004d8800000, 0x00000004d8800000, 0x00000004d9000000|  0%| F|  |TAMS 0x00000004d8800000| PB 0x00000004d8800000| Untracked 
| 298|0x00000004d9000000, 0x00000004d9000000, 0x00000004d9800000|  0%| F|  |TAMS 0x00000004d9000000| PB 0x00000004d9000000| Untracked 
| 299|0x00000004d9800000, 0x00000004d9800000, 0x00000004da000000|  0%| F|  |TAMS 0x00000004d9800000| PB 0x00000004d9800000| Untracked 
| 300|0x00000004da000000, 0x00000004da000000, 0x00000004da800000|  0%| F|  |TAMS 0x00000004da000000| PB 0x00000004da000000| Untracked 
| 301|0x00000004da800000, 0x00000004da800000, 0x00000004db000000|  0%| F|  |TAMS 0x00000004da800000| PB 0x00000004da800000| Untracked 
| 302|0x00000004db000000, 0x00000004db000000, 0x00000004db800000|  0%| F|  |TAMS 0x00000004db000000| PB 0x00000004db000000| Untracked 
| 303|0x00000004db800000, 0x00000004db800000, 0x00000004dc000000|  0%| F|  |TAMS 0x00000004db800000| PB 0x00000004db800000| Untracked 
| 304|0x00000004dc000000, 0x00000004dc000000, 0x00000004dc800000|  0%| F|  |TAMS 0x00000004dc000000| PB 0x00000004dc000000| Untracked 
| 305|0x00000004dc800000, 0x00000004dc800000, 0x00000004dd000000|  0%| F|  |TAMS 0x00000004dc800000| PB 0x00000004dc800000| Untracked 
| 306|0x00000004dd000000, 0x00000004dd000000, 0x00000004dd800000|  0%| F|  |TAMS 0x00000004dd000000| PB 0x00000004dd000000| Untracked 
| 307|0x00000004dd800000, 0x00000004dd800000, 0x00000004de000000|  0%| F|  |TAMS 0x00000004dd800000| PB 0x00000004dd800000| Untracked 
| 308|0x00000004de000000, 0x00000004de000000, 0x00000004de800000|  0%| F|  |TAMS 0x00000004de000000| PB 0x00000004de000000| Untracked 
| 309|0x00000004de800000, 0x00000004de800000, 0x00000004df000000|  0%| F|  |TAMS 0x00000004de800000| PB 0x00000004de800000| Untracked 
| 310|0x00000004df000000, 0x00000004df000000, 0x00000004df800000|  0%| F|  |TAMS 0x00000004df000000| PB 0x00000004df000000| Untracked 
| 311|0x00000004df800000, 0x00000004df800000, 0x00000004e0000000|  0%| F|  |TAMS 0x00000004df800000| PB 0x00000004df800000| Untracked 
| 312|0x00000004e0000000, 0x00000004e0000000, 0x00000004e0800000|  0%| F|  |TAMS 0x00000004e0000000| PB 0x00000004e0000000| Untracked 
| 313|0x00000004e0800000, 0x00000004e0800000, 0x00000004e1000000|  0%| F|  |TAMS 0x00000004e0800000| PB 0x00000004e0800000| Untracked 
| 314|0x00000004e1000000, 0x00000004e1000000, 0x00000004e1800000|  0%| F|  |TAMS 0x00000004e1000000| PB 0x00000004e1000000| Untracked 
| 315|0x00000004e1800000, 0x00000004e1800000, 0x00000004e2000000|  0%| F|  |TAMS 0x00000004e1800000| PB 0x00000004e1800000| Untracked 
| 316|0x00000004e2000000, 0x00000004e2000000, 0x00000004e2800000|  0%| F|  |TAMS 0x00000004e2000000| PB 0x00000004e2000000| Untracked 
| 317|0x00000004e2800000, 0x00000004e2800000, 0x00000004e3000000|  0%| F|  |TAMS 0x00000004e2800000| PB 0x00000004e2800000| Untracked 
| 318|0x00000004e3000000, 0x00000004e3000000, 0x00000004e3800000|  0%| F|  |TAMS 0x00000004e3000000| PB 0x00000004e3000000| Untracked 
| 319|0x00000004e3800000, 0x00000004e3800000, 0x00000004e4000000|  0%| F|  |TAMS 0x00000004e3800000| PB 0x00000004e3800000| Untracked 
| 320|0x00000004e4000000, 0x00000004e4000000, 0x00000004e4800000|  0%| F|  |TAMS 0x00000004e4000000| PB 0x00000004e4000000| Untracked 
| 321|0x00000004e4800000, 0x00000004e4800000, 0x00000004e5000000|  0%| F|  |TAMS 0x00000004e4800000| PB 0x00000004e4800000| Untracked 
| 322|0x00000004e5000000, 0x00000004e5000000, 0x00000004e5800000|  0%| F|  |TAMS 0x00000004e5000000| PB 0x00000004e5000000| Untracked 
| 323|0x00000004e5800000, 0x00000004e5800000, 0x00000004e6000000|  0%| F|  |TAMS 0x00000004e5800000| PB 0x00000004e5800000| Untracked 

Card table byte_map: [0x00000155f8bf0000,0x00000155fa9d0000] _byte_map_base: 0x00000155f69d0000

Marking Bits: (CMBitMap*) 0x00000155deef6ad0
 Bits: [0x0000015580000000, 0x000001558ef00000)

Polling page: 0x00000155dcc40000

Metaspace:

Usage:
  Non-class:    133.19 MB used.
      Class:     13.07 MB used.
       Both:    146.25 MB used.

Virtual space:
  Non-class space:      192.00 MB reserved,     133.50 MB ( 70%) committed,  3 nodes.
      Class space:        1.00 GB reserved,      13.38 MB (  1%) committed,  1 nodes.
             Both:        1.19 GB reserved,     146.88 MB ( 12%) committed. 

Chunk freelists:
   Non-Class:  10.50 MB
       Class:  2.54 MB
        Both:  13.04 MB

MaxMetaspaceSize: unlimited
CompressedClassSpaceSize: 1.00 GB
Initial GC threshold: 21.00 MB
Current GC threshold: 244.50 MB
CDS: on
 - commit_granule_bytes: 65536.
 - commit_granule_words: 8192.
 - virtual_space_node_default_size: 8388608.
 - enlarge_chunks_in_place: 1.
 - use_allocation_guard: 0.


Internal statistics:

num_allocs_failed_limit: 18.
num_arena_births: 926.
num_arena_deaths: 0.
num_vsnodes_births: 4.
num_vsnodes_deaths: 0.
num_space_committed: 2269.
num_space_uncommitted: 0.
num_chunks_returned_to_freelist: 18.
num_chunks_taken_from_freelist: 5373.
num_chunk_merges: 15.
num_chunk_splits: 4452.
num_chunks_enlarged: 3816.
num_inconsistent_stats: 0.

CodeHeap 'non-profiled nmethods': size=119168Kb used=15294Kb max_used=15863Kb free=103873Kb
 bounds [0x00000155ef120000, 0x00000155f00b0000, 0x00000155f6580000]
CodeHeap 'profiled nmethods': size=119104Kb used=27916Kb max_used=39331Kb free=91187Kb
 bounds [0x00000155e7580000, 0x00000155e9c60000, 0x00000155ee9d0000]
CodeHeap 'non-nmethods': size=7488Kb used=2030Kb max_used=3792Kb free=5457Kb
 bounds [0x00000155ee9d0000, 0x00000155eed90000, 0x00000155ef120000]
CodeCache: size=245760Kb, used=45240Kb, max_used=58986Kb, free=200517Kb
 total_blobs=11848, nmethods=10920, adapters=831, full_count=0
Compilation: enabled, stopped_count=0, restarted_count=0

Compilation events (20 events):
Event: 199.601 Thread 0x000001561032d440 nmethod 18686 0x00000155ef190610 code [0x00000155ef190900, 0x00000155ef191900]
Event: 199.602 Thread 0x000001561032d440 18687       4       sun.nio.cs.StreamDecoder::lockedRead (189 bytes)
Event: 199.616 Thread 0x000001561032d440 nmethod 18687 0x00000155efdfa110 code [0x00000155efdfa380, 0x00000155efdfad28]
Event: 199.616 Thread 0x000001561032d440 18707       4       java.util.ArrayList::removeAll (12 bytes)
Event: 199.618 Thread 0x000001561032e1e0 nmethod 18729 0x00000155ef8c7e10 code [0x00000155ef8c81e0, 0x00000155ef8c9f00]
Event: 199.618 Thread 0x000001561032e1e0 18672       4       sun.nio.cs.UTF_8$Decoder::decodeLoop (28 bytes)
Event: 199.619 Thread 0x000001561032e1e0 nmethod 18672 0x00000155ef525890 code [0x00000155ef525a40, 0x00000155ef525bc0]
Event: 199.619 Thread 0x000001561032e1e0 18705       4       java.io.FileDescriptor$1::setAppend (6 bytes)
Event: 199.620 Thread 0x000001561032e1e0 nmethod 18705 0x00000155ef4e0e90 code [0x00000155ef4e1020, 0x00000155ef4e10c8]
Event: 199.626 Thread 0x000001561032d440 nmethod 18707 0x00000155ef224190 code [0x00000155ef224380, 0x00000155ef224b40]
Event: 200.116 Thread 0x000001561032e1e0 18730       4       org.hl7.fhir.igtools.publisher.AIProcessor::hasTextNotInDiv (84 bytes)
Event: 200.131 Thread 0x000001561032e1e0 nmethod 18730 0x00000155ef2ad690 code [0x00000155ef2ad900, 0x00000155ef2aefd8]
Event: 200.205 Thread 0x000001561032e1e0 18731       4       java.lang.StringUTF16::toBytes (12 bytes)
Event: 200.206 Thread 0x000001561032e1e0 nmethod 18731 0x00000155ef722b10 code [0x00000155ef722ca0, 0x00000155ef722d98]
Event: 200.206 Thread 0x00000155fabc4100 18732       3       java.lang.NumberFormatException::<init> (6 bytes)
Event: 200.206 Thread 0x00000155fabc4100 nmethod 18732 0x00000155e8459190 code [0x00000155e8459360, 0x00000155e84595b0]
Event: 200.206 Thread 0x00000155fabc4100 18733       3       java.lang.NumberFormatException::forInputString (65 bytes)
Event: 200.206 Thread 0x00000155fabc4100 nmethod 18733 0x00000155e7621c90 code [0x00000155e7621f80, 0x00000155e7622c20]
Event: 200.399 Thread 0x00000155fabc4100 18734       3       sun.nio.cs.UTF_8$Decoder::isMalformed3_2 (34 bytes)
Event: 200.399 Thread 0x00000155fabc4100 nmethod 18734 0x00000155e767b890 code [0x00000155e767ba40, 0x00000155e767bbf0]

GC Heap History (20 events):
Event: 196.709 GC heap after
{Heap after GC invocations=74 (full 2):
 garbage-first heap   total 2654208K, used 740298K [0x0000000444000000, 0x0000000800000000)
  region size 8192K, 0 young (0K), 0 survivors (0K)
 Metaspace       used 149567K, committed 150208K, reserved 1245184K
  class space    used 13365K, committed 13696K, reserved 1048576K
}
Event: 196.741 GC heap before
{Heap before GC invocations=74 (full 2):
 garbage-first heap   total 2654208K, used 740298K [0x0000000444000000, 0x0000000800000000)
  region size 8192K, 1 young (8192K), 0 survivors (0K)
 Metaspace       used 149567K, committed 150208K, reserved 1245184K
  class space    used 13365K, committed 13696K, reserved 1048576K
}
Event: 196.900 GC heap after
{Heap after GC invocations=75 (full 3):
 garbage-first heap   total 2654208K, used 740295K [0x0000000444000000, 0x0000000800000000)
  region size 8192K, 0 young (0K), 0 survivors (0K)
 Metaspace       used 149567K, committed 150208K, reserved 1245184K
  class space    used 13365K, committed 13696K, reserved 1048576K
}
Event: 196.924 GC heap before
{Heap before GC invocations=75 (full 3):
 garbage-first heap   total 2654208K, used 740295K [0x0000000444000000, 0x0000000800000000)
  region size 8192K, 0 young (0K), 0 survivors (0K)
 Metaspace       used 149567K, committed 150208K, reserved 1245184K
  class space    used 13365K, committed 13696K, reserved 1048576K
}
Event: 197.084 GC heap after
{Heap after GC invocations=76 (full 4):
 garbage-first heap   total 2654208K, used 740295K [0x0000000444000000, 0x0000000800000000)
  region size 8192K, 0 young (0K), 0 survivors (0K)
 Metaspace       used 149567K, committed 150208K, reserved 1245184K
  class space    used 13365K, committed 13696K, reserved 1048576K
}
Event: 197.108 GC heap before
{Heap before GC invocations=76 (full 4):
 garbage-first heap   total 2654208K, used 740295K [0x0000000444000000, 0x0000000800000000)
  region size 8192K, 0 young (0K), 0 survivors (0K)
 Metaspace       used 149567K, committed 150208K, reserved 1245184K
  class space    used 13365K, committed 13696K, reserved 1048576K
}
Event: 197.261 GC heap after
{Heap after GC invocations=77 (full 5):
 garbage-first heap   total 2654208K, used 740295K [0x0000000444000000, 0x0000000800000000)
  region size 8192K, 0 young (0K), 0 survivors (0K)
 Metaspace       used 149567K, committed 150208K, reserved 1245184K
  class space    used 13365K, committed 13696K, reserved 1048576K
}
Event: 197.293 GC heap before
{Heap before GC invocations=77 (full 5):
 garbage-first heap   total 2654208K, used 740295K [0x0000000444000000, 0x0000000800000000)
  region size 8192K, 0 young (0K), 0 survivors (0K)
 Metaspace       used 149567K, committed 150208K, reserved 1245184K
  class space    used 13365K, committed 13696K, reserved 1048576K
}
Event: 197.444 GC heap after
{Heap after GC invocations=78 (full 6):
 garbage-first heap   total 2654208K, used 740295K [0x0000000444000000, 0x0000000800000000)
  region size 8192K, 0 young (0K), 0 survivors (0K)
 Metaspace       used 149567K, committed 150208K, reserved 1245184K
  class space    used 13365K, committed 13696K, reserved 1048576K
}
Event: 197.477 GC heap before
{Heap before GC invocations=78 (full 6):
 garbage-first heap   total 2654208K, used 740295K [0x0000000444000000, 0x0000000800000000)
  region size 8192K, 0 young (0K), 0 survivors (0K)
 Metaspace       used 149567K, committed 150208K, reserved 1245184K
  class space    used 13365K, committed 13696K, reserved 1048576K
}
Event: 197.626 GC heap after
{Heap after GC invocations=79 (full 7):
 garbage-first heap   total 2654208K, used 740295K [0x0000000444000000, 0x0000000800000000)
  region size 8192K, 0 young (0K), 0 survivors (0K)
 Metaspace       used 149567K, committed 150208K, reserved 1245184K
  class space    used 13365K, committed 13696K, reserved 1048576K
}
Event: 197.661 GC heap before
{Heap before GC invocations=79 (full 7):
 garbage-first heap   total 2654208K, used 740295K [0x0000000444000000, 0x0000000800000000)
  region size 8192K, 0 young (0K), 0 survivors (0K)
 Metaspace       used 149567K, committed 150208K, reserved 1245184K
  class space    used 13365K, committed 13696K, reserved 1048576K
}
Event: 197.836 GC heap after
{Heap after GC invocations=80 (full 8):
 garbage-first heap   total 2654208K, used 740295K [0x0000000444000000, 0x0000000800000000)
  region size 8192K, 0 young (0K), 0 survivors (0K)
 Metaspace       used 149567K, committed 150208K, reserved 1245184K
  class space    used 13365K, committed 13696K, reserved 1048576K
}
Event: 197.863 GC heap before
{Heap before GC invocations=80 (full 8):
 garbage-first heap   total 2654208K, used 740295K [0x0000000444000000, 0x0000000800000000)
  region size 8192K, 0 young (0K), 0 survivors (0K)
 Metaspace       used 149567K, committed 150208K, reserved 1245184K
  class space    used 13365K, committed 13696K, reserved 1048576K
}
Event: 198.044 GC heap after
{Heap after GC invocations=81 (full 9):
 garbage-first heap   total 2654208K, used 740295K [0x0000000444000000, 0x0000000800000000)
  region size 8192K, 0 young (0K), 0 survivors (0K)
 Metaspace       used 149567K, committed 150208K, reserved 1245184K
  class space    used 13365K, committed 13696K, reserved 1048576K
}
Event: 198.077 GC heap before
{Heap before GC invocations=81 (full 9):
 garbage-first heap   total 2654208K, used 740295K [0x0000000444000000, 0x0000000800000000)
  region size 8192K, 0 young (0K), 0 survivors (0K)
 Metaspace       used 149567K, committed 150208K, reserved 1245184K
  class space    used 13365K, committed 13696K, reserved 1048576K
}
Event: 198.231 GC heap after
{Heap after GC invocations=82 (full 10):
 garbage-first heap   total 2654208K, used 740295K [0x0000000444000000, 0x0000000800000000)
  region size 8192K, 0 young (0K), 0 survivors (0K)
 Metaspace       used 149567K, committed 150208K, reserved 1245184K
  class space    used 13365K, committed 13696K, reserved 1048576K
}
Event: 198.261 GC heap before
{Heap before GC invocations=82 (full 10):
 garbage-first heap   total 2654208K, used 740295K [0x0000000444000000, 0x0000000800000000)
  region size 8192K, 0 young (0K), 0 survivors (0K)
 Metaspace       used 149567K, committed 150208K, reserved 1245184K
  class space    used 13365K, committed 13696K, reserved 1048576K
}
Event: 198.504 GC heap after
{Heap after GC invocations=83 (full 11):
 garbage-first heap   total 2654208K, used 740295K [0x0000000444000000, 0x0000000800000000)
  region size 8192K, 0 young (0K), 0 survivors (0K)
 Metaspace       used 149567K, committed 150208K, reserved 1245184K
  class space    used 13365K, committed 13696K, reserved 1048576K
}
Event: 200.456 GC heap before
{Heap before GC invocations=83 (full 11):
 garbage-first heap   total 2654208K, used 2321351K [0x0000000444000000, 0x0000000800000000)
  region size 8192K, 194 young (1589248K), 0 survivors (0K)
 Metaspace       used 149763K, committed 150400K, reserved 1245184K
  class space    used 13381K, committed 13696K, reserved 1048576K
}

Dll operation events (15 events):
Event: 0.008 Loaded shared library C:\Program Files\Microsoft\jdk-21.0.10.7-hotspot\bin\java.dll
Event: 0.056 Loaded shared library C:\Program Files\Microsoft\jdk-21.0.10.7-hotspot\bin\jsvml.dll
Event: 0.070 Loaded shared library C:\Program Files\Microsoft\jdk-21.0.10.7-hotspot\bin\net.dll
Event: 0.073 Loaded shared library C:\Program Files\Microsoft\jdk-21.0.10.7-hotspot\bin\nio.dll
Event: 0.154 Loaded shared library C:\Program Files\Microsoft\jdk-21.0.10.7-hotspot\bin\zip.dll
Event: 0.262 Loaded shared library C:\Program Files\Microsoft\jdk-21.0.10.7-hotspot\bin\jimage.dll
Event: 0.925 Loaded shared library C:\Program Files\Microsoft\jdk-21.0.10.7-hotspot\bin\verify.dll
Event: 37.793 Loaded shared library C:\Program Files\Microsoft\jdk-21.0.10.7-hotspot\bin\sunmscapi.dll
Event: 38.153 Loaded shared library C:\Program Files\Microsoft\jdk-21.0.10.7-hotspot\bin\extnet.dll
Event: 69.949 Loaded shared library C:\Users\Jose\AppData\Local\Temp\sqlite-3.50.3.0-e84f9a4f-cf8d-46b5-a680-f482a80e2e55-sqlitejdbc.dll
Event: 70.667 Loaded shared library C:\Program Files\Microsoft\jdk-21.0.10.7-hotspot\bin\management.dll
Event: 70.672 Loaded shared library C:\Program Files\Microsoft\jdk-21.0.10.7-hotspot\bin\management_ext.dll
Event: 70.832 Loaded shared library C:\Program Files\Microsoft\jdk-21.0.10.7-hotspot\bin\awt.dll
Event: 127.931 Loaded shared library C:\Program Files\Microsoft\jdk-21.0.10.7-hotspot\bin\freetype.dll
Event: 127.935 Loaded shared library C:\Program Files\Microsoft\jdk-21.0.10.7-hotspot\bin\fontmanager.dll

Deoptimization events (20 events):
Event: 199.086 Thread 0x00000155dc9c0480 DEOPT PACKING pc=0x00000155ef21345c sp=0x0000003f00afe280
Event: 199.086 Thread 0x00000155dc9c0480 DEOPT UNPACKING pc=0x00000155eea27ba2 sp=0x0000003f00afe1b8 mode 2
Event: 199.086 Thread 0x00000155dc9c0480 Uncommon trap: trap_request=0xffffffde fr.pc=0x00000155ef21345c relative=0x00000000000000bc
Event: 199.086 Thread 0x00000155dc9c0480 Uncommon trap: reason=class_check action=maybe_recompile pc=0x00000155ef21345c method=java.lang.Character.isWhitespace(I)Z @ 5 c2
Event: 199.086 Thread 0x00000155dc9c0480 DEOPT PACKING pc=0x00000155ef21345c sp=0x0000003f00afe280
Event: 199.086 Thread 0x00000155dc9c0480 DEOPT UNPACKING pc=0x00000155eea27ba2 sp=0x0000003f00afe1b8 mode 2
Event: 199.086 Thread 0x00000155dc9c0480 Uncommon trap: trap_request=0xffffffde fr.pc=0x00000155ef21345c relative=0x00000000000000bc
Event: 199.086 Thread 0x00000155dc9c0480 Uncommon trap: reason=class_check action=maybe_recompile pc=0x00000155ef21345c method=java.lang.Character.isWhitespace(I)Z @ 5 c2
Event: 199.086 Thread 0x00000155dc9c0480 DEOPT PACKING pc=0x00000155ef21345c sp=0x0000003f00afe280
Event: 199.086 Thread 0x00000155dc9c0480 DEOPT UNPACKING pc=0x00000155eea27ba2 sp=0x0000003f00afe1b8 mode 2
Event: 199.086 Thread 0x00000155dc9c0480 Uncommon trap: trap_request=0xffffffde fr.pc=0x00000155ef21345c relative=0x00000000000000bc
Event: 199.086 Thread 0x00000155dc9c0480 Uncommon trap: reason=class_check action=maybe_recompile pc=0x00000155ef21345c method=java.lang.Character.isWhitespace(I)Z @ 5 c2
Event: 199.086 Thread 0x00000155dc9c0480 DEOPT PACKING pc=0x00000155ef21345c sp=0x0000003f00afe280
Event: 199.086 Thread 0x00000155dc9c0480 DEOPT UNPACKING pc=0x00000155eea27ba2 sp=0x0000003f00afe1b8 mode 2
Event: 199.092 Thread 0x00000155dc9c0480 Uncommon trap: trap_request=0xffffff45 fr.pc=0x00000155efe49f0c relative=0x00000000000007ac
Event: 199.092 Thread 0x00000155dc9c0480 Uncommon trap: reason=unstable_if action=reinterpret pc=0x00000155efe49f0c method=org.hl7.fhir.utilities.xhtml.XhtmlParser.normalizeNamespaces(Lorg/hl7/fhir/utilities/xhtml/XhtmlParser$ElementName;Lorg/hl7/fhir/utilities/xhtml/XhtmlNode;Lorg/hl7/fhir/util
Event: 199.092 Thread 0x00000155dc9c0480 DEOPT PACKING pc=0x00000155efe49f0c sp=0x0000003f00afd290
Event: 199.092 Thread 0x00000155dc9c0480 DEOPT UNPACKING pc=0x00000155eea27ba2 sp=0x0000003f00afd278 mode 2
Event: 199.565 Thread 0x00000155dc9c0480 DEOPT PACKING pc=0x00000155e80f4324 sp=0x0000003f00afcd10
Event: 199.565 Thread 0x00000155dc9c0480 DEOPT UNPACKING pc=0x00000155eea286e2 sp=0x0000003f00afc2d8 mode 0

Classes loaded (20 events):
Event: 196.272 Loading class sun/nio/ch/FileLockTable$FileLockReference
Event: 196.272 Loading class sun/nio/ch/FileLockTable$FileLockReference done
Event: 198.527 Loading class java/nio/channels/FileChannel$MapMode
Event: 198.527 Loading class java/nio/channels/FileChannel$MapMode done
Event: 198.527 Loading class jdk/internal/misc/ExtendedMapMode
Event: 198.528 Loading class jdk/internal/misc/ExtendedMapMode done
Event: 198.529 Loading class sun/nio/ch/FileChannelImpl$DefaultUnmapper
Event: 198.529 Loading class sun/nio/ch/FileChannelImpl$Unmapper
Event: 198.530 Loading class jdk/internal/access/foreign/UnmapperProxy
Event: 198.530 Loading class jdk/internal/access/foreign/UnmapperProxy done
Event: 198.530 Loading class sun/nio/ch/FileChannelImpl$Unmapper done
Event: 198.530 Loading class sun/nio/ch/FileChannelImpl$DefaultUnmapper done
Event: 198.530 Loading class sun/nio/ch/Util$4
Event: 198.530 Loading class sun/nio/ch/Util$4 done
Event: 198.616 Loading class java/util/zip/ZipOutputStream
Event: 198.616 Loading class java/util/zip/DeflaterOutputStream
Event: 198.617 Loading class java/util/zip/DeflaterOutputStream done
Event: 198.617 Loading class java/util/zip/ZipOutputStream done
Event: 198.617 Loading class java/util/zip/ZipOutputStream$XEntry
Event: 198.617 Loading class java/util/zip/ZipOutputStream$XEntry done

Classes unloaded (0 events):
No events

Classes redefined (0 events):
No events

Internal exceptions (20 events):
Event: 196.491 Thread 0x00000155dc9c0480 Exception <a 'sun/nio/fs/WindowsException'{0x00000004bfb15ab8}> (0x00000004bfb15ab8) 
thrown [s\src\hotspot\share\prims\jni.cpp, line 520]
Event: 196.492 Thread 0x00000155dc9c0480 Exception <a 'sun/nio/fs/WindowsException'{0x00000004bfb16520}> (0x00000004bfb16520) 
thrown [s\src\hotspot\share\prims\jni.cpp, line 520]
Event: 196.492 Thread 0x00000155dc9c0480 Exception <a 'sun/nio/fs/WindowsException'{0x00000004bfb16f10}> (0x00000004bfb16f10) 
thrown [s\src\hotspot\share\prims\jni.cpp, line 520]
Event: 196.493 Thread 0x00000155dc9c0480 Exception <a 'sun/nio/fs/WindowsException'{0x00000004bfb17988}> (0x00000004bfb17988) 
thrown [s\src\hotspot\share\prims\jni.cpp, line 520]
Event: 196.494 Thread 0x00000155dc9c0480 Exception <a 'sun/nio/fs/WindowsException'{0x00000004bfb18428}> (0x00000004bfb18428) 
thrown [s\src\hotspot\share\prims\jni.cpp, line 520]
Event: 196.495 Thread 0x00000155dc9c0480 Exception <a 'sun/nio/fs/WindowsException'{0x00000004bfb18ec8}> (0x00000004bfb18ec8) 
thrown [s\src\hotspot\share\prims\jni.cpp, line 520]
Event: 196.497 Thread 0x00000155dc9c0480 Exception <a 'sun/nio/fs/WindowsException'{0x00000004bfb198b8}> (0x00000004bfb198b8) 
thrown [s\src\hotspot\share\prims\jni.cpp, line 520]
Event: 196.498 Thread 0x00000155dc9c0480 Exception <a 'sun/nio/fs/WindowsException'{0x00000004bfb1a300}> (0x00000004bfb1a300) 
thrown [s\src\hotspot\share\prims\jni.cpp, line 520]
Event: 196.500 Thread 0x00000155dc9c0480 Exception <a 'sun/nio/fs/WindowsException'{0x00000004bfb1ad20}> (0x00000004bfb1ad20) 
thrown [s\src\hotspot\share\prims\jni.cpp, line 520]
Event: 196.501 Thread 0x00000155dc9c0480 Exception <a 'sun/nio/fs/WindowsException'{0x00000004bfb1b740}> (0x00000004bfb1b740) 
thrown [s\src\hotspot\share\prims\jni.cpp, line 520]
Event: 196.502 Thread 0x00000155dc9c0480 Exception <a 'sun/nio/fs/WindowsException'{0x00000004bfb1c108}> (0x00000004bfb1c108) 
thrown [s\src\hotspot\share\prims\jni.cpp, line 520]
Event: 196.504 Thread 0x00000155dc9c0480 Exception <a 'sun/nio/fs/WindowsException'{0x00000004bfb1caf8}> (0x00000004bfb1caf8) 
thrown [s\src\hotspot\share\prims\jni.cpp, line 520]
Event: 196.505 Thread 0x00000155dc9c0480 Exception <a 'sun/nio/fs/WindowsException'{0x00000004bfb1d5b8}> (0x00000004bfb1d5b8) 
thrown [s\src\hotspot\share\prims\jni.cpp, line 520]
Event: 196.507 Thread 0x00000155dc9c0480 Exception <a 'sun/nio/fs/WindowsException'{0x00000004bfb1e000}> (0x00000004bfb1e000) 
thrown [s\src\hotspot\share\prims\jni.cpp, line 520]
Event: 196.510 Thread 0x00000155dc9c0480 Exception <a 'sun/nio/fs/WindowsException'{0x00000004bfb1ead0}> (0x00000004bfb1ead0) 
thrown [s\src\hotspot\share\prims\jni.cpp, line 520]
Event: 196.511 Thread 0x00000155dc9c0480 Exception <a 'sun/nio/fs/WindowsException'{0x00000004bfb1f570}> (0x00000004bfb1f570) 
thrown [s\src\hotspot\share\prims\jni.cpp, line 520]
Event: 198.531 Thread 0x00000155dc9c0480 Exception <a 'java/lang/NoSuchMethodError'{0x00000004e58185f8}: 'java.lang.Object java.lang.invoke.DelegatingMethodHandle$Holder.reinvoke_L(java.lang.Object, int, long, java.lang.Object, java.lang.Object, int, java.lang.Object)'> (0x00000004e58185f8) 
thrown [s\src\hotspot\share\interpreter\linkResolver.cpp, line 773]
Event: 198.609 Thread 0x00000155dc9c0480 Implicit null exception at 0x00000155efc2de5e to 0x00000155efc2ded0
Event: 198.637 Thread 0x00000155dc9c0480 Exception <a 'java/io/IOException'{0x00000004e5d555f8}: CreateProcess error=2, The system cannot find the file specified> (0x00000004e5d555f8) 
thrown [s\src\hotspot\share\prims\jni.cpp, line 539]
Event: 198.871 Thread 0x00000155dc9c0480 Exception <a 'sun/nio/fs/WindowsException'{0x00000004d285ca40}> (0x00000004d285ca40) 
thrown [s\src\hotspot\share\prims\jni.cpp, line 520]

ZGC Phase Switch (0 events):
No events

VM Operations (20 events):
Event: 196.900 Executing safepoint VM operation: G1CollectFull (System.gc()) done
Event: 196.924 Executing safepoint VM operation: G1CollectFull (System.gc())
Event: 197.084 Executing safepoint VM operation: G1CollectFull (System.gc()) done
Event: 197.108 Executing safepoint VM operation: G1CollectFull (System.gc())
Event: 197.261 Executing safepoint VM operation: G1CollectFull (System.gc()) done
Event: 197.293 Executing safepoint VM operation: G1CollectFull (System.gc())
Event: 197.444 Executing safepoint VM operation: G1CollectFull (System.gc()) done
Event: 197.477 Executing safepoint VM operation: G1CollectFull (System.gc())
Event: 197.626 Executing safepoint VM operation: G1CollectFull (System.gc()) done
Event: 197.661 Executing safepoint VM operation: G1CollectFull (System.gc())
Event: 197.836 Executing safepoint VM operation: G1CollectFull (System.gc()) done
Event: 197.863 Executing safepoint VM operation: G1CollectFull (System.gc())
Event: 198.044 Executing safepoint VM operation: G1CollectFull (System.gc()) done
Event: 198.077 Executing safepoint VM operation: G1CollectFull (System.gc())
Event: 198.231 Executing safepoint VM operation: G1CollectFull (System.gc()) done
Event: 198.261 Executing safepoint VM operation: G1CollectFull (System.gc())
Event: 198.504 Executing safepoint VM operation: G1CollectFull (System.gc()) done
Event: 199.510 Executing safepoint VM operation: Cleanup
Event: 199.510 Executing safepoint VM operation: Cleanup done
Event: 200.456 Executing safepoint VM operation: G1CollectForAllocation (G1 Evacuation Pause)

Memory protections (0 events):
No events

Nmethod flushes (20 events):
Event: 196.839 Thread 0x00000155fab751d0 flushing  nmethod 0x00000155e9767f90
Event: 196.839 Thread 0x00000155fab751d0 flushing  nmethod 0x00000155e75fa910
Event: 196.839 Thread 0x00000155fab751d0 flushing  nmethod 0x00000155e78b9b90
Event: 196.839 Thread 0x00000155fab751d0 flushing  nmethod 0x00000155e7effd90
Event: 196.839 Thread 0x00000155fab751d0 flushing  nmethod 0x00000155e7f08c10
Event: 196.839 Thread 0x00000155fab751d0 flushing  nmethod 0x00000155e8187e90
Event: 196.839 Thread 0x00000155fab751d0 flushing  nmethod 0x00000155e81a4110
Event: 196.839 Thread 0x00000155fab751d0 flushing  nmethod 0x00000155e8333910
Event: 196.839 Thread 0x00000155fab751d0 flushing  nmethod 0x00000155e8337710
Event: 196.839 Thread 0x00000155fab751d0 flushing  nmethod 0x00000155e8338090
Event: 196.839 Thread 0x00000155fab751d0 flushing  nmethod 0x00000155e8644590
Event: 196.839 Thread 0x00000155fab751d0 flushing  nmethod 0x00000155e8e94610
Event: 196.839 Thread 0x00000155fab751d0 flushing  nmethod 0x00000155ef637790
Event: 196.839 Thread 0x00000155fab751d0 flushing  nmethod 0x00000155ef879d90
Event: 196.839 Thread 0x00000155fab751d0 flushing  nmethod 0x00000155f0054c10
Event: 196.839 Thread 0x00000155fab751d0 flushing  nmethod 0x00000155e78c7310
Event: 196.839 Thread 0x00000155fab751d0 flushing  nmethod 0x00000155e78cbc90
Event: 196.839 Thread 0x00000155fab751d0 flushing  nmethod 0x00000155e87dee90
Event: 196.839 Thread 0x00000155fab751d0 flushing  nmethod 0x00000155e87df590
Event: 196.839 Thread 0x00000155fab751d0 flushing  nmethod 0x00000155e9651690

Events (20 events):
Event: 194.513 Thread 0x00000155fabc4100 Thread added: 0x000001561032ab60
Event: 194.521 Thread 0x000001561032ab60 Thread added: 0x000001561032e8b0
Event: 194.736 Thread 0x000001561032e8b0 Thread exited: 0x000001561032e8b0
Event: 195.241 Thread 0x0000015610329dc0 Thread exited: 0x0000015610329dc0
Event: 195.241 Thread 0x000001561032ab60 Thread exited: 0x000001561032ab60
Event: 195.241 Thread 0x000001561032e1e0 Thread exited: 0x000001561032e1e0
Event: 195.532 Thread 0x00000155fabb3650 Thread added: 0x000001561032ab60
Event: 195.532 Thread 0x00000155fabb3650 Thread added: 0x0000015610329dc0
Event: 195.769 Thread 0x000001561032ab60 Thread added: 0x000001561032d440
Event: 195.769 Thread 0x000001561032ab60 Thread added: 0x000001561032e1e0
Event: 198.511 Thread 0x0000015610329dc0 Thread exited: 0x0000015610329dc0
Event: 198.511 Thread 0x000001561032ab60 Thread exited: 0x000001561032ab60
Event: 198.665 Thread 0x00000155fabc4100 Thread added: 0x0000015610329dc0
Event: 198.665 Thread 0x00000155fabc4100 Thread added: 0x000001561032ab60
Event: 198.665 Thread 0x00000155fabc4100 Thread added: 0x000001561032b230
Event: 200.116 Thread 0x000001561032b230 Thread exited: 0x000001561032b230
Event: 200.116 Thread 0x0000015610329dc0 Thread exited: 0x0000015610329dc0
Event: 200.116 Thread 0x000001561032ab60 Thread exited: 0x000001561032ab60
Event: 200.399 Thread 0x000001561032d440 Thread exited: 0x000001561032d440
Event: 200.399 Thread 0x000001561032e1e0 Thread exited: 0x000001561032e1e0


Dynamic libraries:
0x00007ff632c00000 - 0x00007ff632c0e000 	C:\Program Files\Microsoft\jdk-21.0.10.7-hotspot\bin\java.exe
0x00007ffd5ab00000 - 0x00007ffd5ad68000 	C:\WINDOWS\SYSTEM32\ntdll.dll
0x00007ffd59120000 - 0x00007ffd591e9000 	C:\WINDOWS\System32\KERNEL32.DLL
0x00007ffd57f40000 - 0x00007ffd58332000 	C:\WINDOWS\System32\KERNELBASE.dll
0x00007ffd58550000 - 0x00007ffd5869b000 	C:\WINDOWS\System32\ucrtbase.dll
0x00007ffd02e60000 - 0x00007ffd02e78000 	C:\Program Files\Microsoft\jdk-21.0.10.7-hotspot\bin\jli.dll
0x00007ffd0db80000 - 0x00007ffd0db9e000 	C:\Program Files\Microsoft\jdk-21.0.10.7-hotspot\bin\VCRUNTIME140.dll
0x00007ffd59bd0000 - 0x00007ffd59d95000 	C:\WINDOWS\System32\USER32.dll
0x00007ffd58750000 - 0x00007ffd58777000 	C:\WINDOWS\System32\win32u.dll
0x00007ffd3fe40000 - 0x00007ffd400d3000 	C:\WINDOWS\WinSxS\amd64_microsoft.windows.common-controls_6595b64144ccf1df_6.0.26100.6725_none_3e085828e334708b\COMCTL32.dll
0x00007ffd5a750000 - 0x00007ffd5a7f9000 	C:\WINDOWS\System32\msvcrt.dll
0x00007ffd5a870000 - 0x00007ffd5a89b000 	C:\WINDOWS\System32\GDI32.dll
0x00007ffd57c90000 - 0x00007ffd57dbd000 	C:\WINDOWS\System32\gdi32full.dll
0x00007ffd586a0000 - 0x00007ffd58743000 	C:\WINDOWS\System32\msvcp_win.dll
0x00007ffd59290000 - 0x00007ffd592bf000 	C:\WINDOWS\System32\IMM32.DLL
0x00007ffd54870000 - 0x00007ffd5487c000 	C:\Program Files\Microsoft\jdk-21.0.10.7-hotspot\bin\vcruntime140_1.dll
0x00007ffce25a0000 - 0x00007ffce2629000 	C:\Program Files\Microsoft\jdk-21.0.10.7-hotspot\bin\msvcp140.dll
0x00007ffc9e280000 - 0x00007ffc9f02d000 	C:\Program Files\Microsoft\jdk-21.0.10.7-hotspot\bin\server\jvm.dll
0x00007ffd59a30000 - 0x00007ffd59ae4000 	C:\WINDOWS\System32\ADVAPI32.dll
0x00007ffd58f40000 - 0x00007ffd58fe6000 	C:\WINDOWS\System32\sechost.dll
0x00007ffd58ff0000 - 0x00007ffd59108000 	C:\WINDOWS\System32\RPCRT4.dll
0x00007ffd58d60000 - 0x00007ffd58dd4000 	C:\WINDOWS\System32\WS2_32.dll
0x00007ffd57af0000 - 0x00007ffd57b4e000 	C:\WINDOWS\SYSTEM32\POWRPROF.dll
0x00007ffd4ef90000 - 0x00007ffd4ef9b000 	C:\WINDOWS\SYSTEM32\VERSION.dll
0x00007ffd4ed40000 - 0x00007ffd4ed75000 	C:\WINDOWS\SYSTEM32\WINMM.dll
0x00007ffd57ad0000 - 0x00007ffd57ae4000 	C:\WINDOWS\SYSTEM32\UMPDC.dll
0x00007ffd56a20000 - 0x00007ffd56a3b000 	C:\WINDOWS\SYSTEM32\kernel.appcore.dll
0x00007ffd3a870000 - 0x00007ffd3a87a000 	C:\Program Files\Microsoft\jdk-21.0.10.7-hotspot\bin\jimage.dll
0x00007ffd553d0000 - 0x00007ffd55612000 	C:\WINDOWS\SYSTEM32\DBGHELP.DLL
0x00007ffd5a3d0000 - 0x00007ffd5a74b000 	C:\WINDOWS\System32\combase.dll
0x00007ffd59af0000 - 0x00007ffd59bc7000 	C:\WINDOWS\System32\OLEAUT32.dll
0x00007ffd45070000 - 0x00007ffd450ac000 	C:\WINDOWS\SYSTEM32\dbgcore.DLL
0x00007ffd58340000 - 0x00007ffd583d8000 	C:\WINDOWS\System32\bcryptPrimitives.dll
0x00007ffd02e30000 - 0x00007ffd02e51000 	C:\Program Files\Microsoft\jdk-21.0.10.7-hotspot\bin\java.dll
0x00007ffd592d0000 - 0x00007ffd59a1c000 	C:\WINDOWS\System32\SHELL32.dll
0x00007ffd583e0000 - 0x00007ffd5854b000 	C:\WINDOWS\System32\wintypes.dll
0x00007ffd55890000 - 0x00007ffd560ed000 	C:\WINDOWS\SYSTEM32\windows.storage.dll
0x00007ffd5a090000 - 0x00007ffd5a182000 	C:\WINDOWS\System32\SHCORE.dll
0x00007ffd5a800000 - 0x00007ffd5a862000 	C:\WINDOWS\System32\shlwapi.dll
0x00007ffd57bb0000 - 0x00007ffd57bd9000 	C:\WINDOWS\SYSTEM32\profapi.dll
0x00007ffce0740000 - 0x00007ffce0816000 	C:\Program Files\Microsoft\jdk-21.0.10.7-hotspot\bin\jsvml.dll
0x00007ffd020c0000 - 0x00007ffd020d1000 	C:\Program Files\Microsoft\jdk-21.0.10.7-hotspot\bin\net.dll
0x00007ffd507a0000 - 0x00007ffd508bf000 	C:\WINDOWS\SYSTEM32\WINHTTP.dll
0x00007ffd56f70000 - 0x00007ffd56fdb000 	C:\WINDOWS\system32\mswsock.dll
0x00007ffd01120000 - 0x00007ffd01136000 	C:\Program Files\Microsoft\jdk-21.0.10.7-hotspot\bin\nio.dll
0x00007ffcfdf50000 - 0x00007ffcfdf68000 	C:\Program Files\Microsoft\jdk-21.0.10.7-hotspot\bin\zip.dll
0x00007ffd2a1d0000 - 0x00007ffd2a1e0000 	C:\Program Files\Microsoft\jdk-21.0.10.7-hotspot\bin\verify.dll
0x00007ffd3a890000 - 0x00007ffd3a89e000 	C:\Program Files\Microsoft\jdk-21.0.10.7-hotspot\bin\sunmscapi.dll
0x00007ffd57dc0000 - 0x00007ffd57f37000 	C:\WINDOWS\System32\CRYPT32.dll
0x00007ffd574a0000 - 0x00007ffd574d0000 	C:\WINDOWS\SYSTEM32\ncrypt.dll
0x00007ffd57450000 - 0x00007ffd5748f000 	C:\WINDOWS\SYSTEM32\NTASN1.dll
0x00007ffd57350000 - 0x00007ffd5736b000 	C:\WINDOWS\SYSTEM32\CRYPTSP.dll
0x00007ffd56980000 - 0x00007ffd569bb000 	C:\WINDOWS\system32\rsaenh.dll
0x00007ffd57010000 - 0x00007ffd5703b000 	C:\WINDOWS\SYSTEM32\USERENV.dll
0x00007ffd57b80000 - 0x00007ffd57ba6000 	C:\WINDOWS\SYSTEM32\bcrypt.dll
0x00007ffd571b0000 - 0x00007ffd571bc000 	C:\WINDOWS\SYSTEM32\CRYPTBASE.dll
0x00007ffd56460000 - 0x00007ffd56494000 	C:\WINDOWS\SYSTEM32\IPHLPAPI.DLL
0x00007ffd59110000 - 0x00007ffd5911a000 	C:\WINDOWS\System32\NSI.dll
0x00007ffd56500000 - 0x00007ffd56626000 	C:\WINDOWS\SYSTEM32\DNSAPI.dll
0x00007ffd4fb90000 - 0x00007ffd4fb9b000 	C:\Windows\System32\rasadhlp.dll
0x00007ffd50df0000 - 0x00007ffd50e76000 	C:\WINDOWS\System32\fwpuclnt.dll
0x00007ffd3a880000 - 0x00007ffd3a889000 	C:\Program Files\Microsoft\jdk-21.0.10.7-hotspot\bin\extnet.dll
0x00007ffd02100000 - 0x00007ffd021fb000 	C:\Users\Jose\AppData\Local\Temp\sqlite-3.50.3.0-e84f9a4f-cf8d-46b5-a680-f482a80e2e55-sqlitejdbc.dll
0x00007ffd294e0000 - 0x00007ffd294ea000 	C:\Program Files\Microsoft\jdk-21.0.10.7-hotspot\bin\management.dll
0x00007ffd289d0000 - 0x00007ffd289dc000 	C:\Program Files\Microsoft\jdk-21.0.10.7-hotspot\bin\management_ext.dll
0x00007ffd59a20000 - 0x00007ffd59a28000 	C:\WINDOWS\System32\PSAPI.DLL
0x00007ffccf710000 - 0x00007ffccf8a3000 	C:\Program Files\Microsoft\jdk-21.0.10.7-hotspot\bin\awt.dll
0x00007ffd54920000 - 0x00007ffd549bf000 	C:\WINDOWS\SYSTEM32\apphelp.dll
0x00007ffd56b40000 - 0x00007ffd56b76000 	C:\WINDOWS\SYSTEM32\ntmarta.dll
0x00007ffce12a0000 - 0x00007ffce1327000 	C:\Program Files\Microsoft\jdk-21.0.10.7-hotspot\bin\freetype.dll
0x00007ffcd5a80000 - 0x00007ffcd5b71000 	C:\Program Files\Microsoft\jdk-21.0.10.7-hotspot\bin\fontmanager.dll

JVMTI agents: none

dbghelp: loaded successfully - version: 4.0.5 - missing functions: none
symbol engine: initialized successfully - sym options: 0x614 - pdb path: .;C:\Program Files\Microsoft\jdk-21.0.10.7-hotspot\bin;C:\WINDOWS\SYSTEM32;C:\WINDOWS\WinSxS\amd64_microsoft.windows.common-controls_6595b64144ccf1df_6.0.26100.6725_none_3e085828e334708b;C:\Program Files\Microsoft\jdk-21.0.10.7-hotspot\bin\server;C:\Users\Jose\AppData\Local\Temp

VM Arguments:
jvm_args: -Dfile.encoding=UTF-8 
java_command: ..\publisher.jar -ig .
java_class_path (initial): ..\publisher.jar
Launcher Type: SUN_STANDARD

[Global flags]
     intx CICompilerCount                          = 12                                        {product} {ergonomic}
     uint ConcGCThreads                            = 3                                         {product} {ergonomic}
     uint G1ConcRefinementThreads                  = 13                                        {product} {ergonomic}
   size_t G1HeapRegionSize                         = 8388608                                   {product} {ergonomic}
    uintx GCDrainStackTargetSize                   = 64                                        {product} {ergonomic}
   size_t InitialHeapSize                          = 1006632960                                {product} {ergonomic}
   size_t MarkStackSize                            = 4194304                                   {product} {ergonomic}
   size_t MaxHeapSize                              = 16039018496                               {product} {ergonomic}
   size_t MaxNewSize                               = 9621733376                                {product} {ergonomic}
   size_t MinHeapDeltaBytes                        = 8388608                                   {product} {ergonomic}
   size_t MinHeapSize                              = 8388608                                   {product} {ergonomic}
    uintx NonNMethodCodeHeapSize                   = 7602480                                {pd product} {ergonomic}
    uintx NonProfiledCodeHeapSize                  = 122027880                              {pd product} {ergonomic}
    uintx ProfiledCodeHeapSize                     = 122027880                              {pd product} {ergonomic}
    uintx ReservedCodeCacheSize                    = 251658240                              {pd product} {ergonomic}
     bool SegmentedCodeCache                       = true                                      {product} {ergonomic}
   size_t SoftMaxHeapSize                          = 16039018496                            {manageable} {ergonomic}
     bool UseCompressedOops                        = true                           {product lp64_product} {ergonomic}
     bool UseG1GC                                  = true                                      {product} {ergonomic}
     bool UseLargePagesIndividualAllocation        = false                                  {pd product} {ergonomic}

Logging:
Log output configuration:
 #0: stdout all=warning uptime,level,tags foldmultilines=false
 #1: stderr all=off uptime,level,tags foldmultilines=false

Release file:
IMPLEMENTOR="Microsoft" 
IMPLEMENTOR_VERSION="Microsoft-13106404" 
JAVA_RUNTIME_VERSION="21.0.10+7-LTS" 
JAVA_VERSION="21.0.10" 
JAVA_VERSION_DATE="2026-01-20" 
LIBC="default" 
MODULES="java.base java.compiler java.datatransfer java.xml java.prefs java.desktop java.instrument java.logging java.management java.security.sasl java.naming java.rmi java.management.rmi java.net.http java.scripting java.security.jgss java.transaction.xa java.sql java.sql.rowset java.xml.crypto java.se java.smartcardio jdk.accessibility jdk.internal.jvmstat jdk.attach jdk.charsets jdk.internal.opt jdk.zipfs jdk.compiler jdk.crypto.ec jdk.crypto.cryptoki jdk.crypto.mscapi jdk.dynalink jdk.internal.ed jdk.editpad jdk.hotspot.agent jdk.httpserver jdk.incubator.vector jdk.internal.le jdk.internal.vm.ci jdk.internal.vm.compiler jdk.internal.vm.compiler.management jdk.jartool jdk.javadoc jdk.jcmd jdk.management jdk.management.agent jdk.jconsole jdk.jdeps jdk.jdwp.agent jdk.jdi jdk.jfr jdk.jlink jdk.jpackage jdk.jshell jdk.jsobject jdk.jstatd jdk.localedata jdk.management.jfr jdk.naming.dns jdk.naming.rmi jdk.net jdk.nio.mapmode jdk.random jdk.sctp jdk.security.auth jdk.security.jgss jdk.unsupported jdk.unsupported.desktop jdk.xml.dom" 
OS_ARCH="x86_64" 
OS_NAME="Windows" 
SOURCE=".:git:e69b6ef7382e" 

Environment Variables:
JAVA_HOME=C:\work\java\jdk-21
JAVA_TOOL_OPTIONS=-Dfile.encoding=UTF-8
PATH=C:\Program Files\Microsoft\jdk-21.0.10.7-hotspot\bin;C:\Python313\Scripts\;C:\Python313\;C:\Ruby32-x64\bin;C:\WINDOWS\system32;C:\WINDOWS;C:\WINDOWS\System32\Wbem;C:\WINDOWS\System32\WindowsPowerShell\v1.0\;C:\WINDOWS\System32\OpenSSH\;C:\Recovery\OEM\Backup\;c:\work\jdk-17.0.7\bin;C:\ProgramData\chocolatey\bin;C:\Program Files\VSCodium\bin;C:\Program Files\Git\cmd;C:\Program Files\maven\bin;C:\Program Files\Meld\;C:\WINDOWS\system32;C:\WINDOWS;C:\WINDOWS\System32\Wbem;C:\WINDOWS\System32\WindowsPowerShell\v1.0\;C:\WINDOWS\System32\OpenSSH\;C:\Users\Jose\AppData\Local\nvm;C:\nvm4w\nodejs;C:\Program Files\Go\bin;C:\Program Files\Git LFS;C:\Program Files\Docker\Docker\resources\bin;C:\Program Files\dotnet\;C:\Users\Jose\AppData\Local\Microsoft\WindowsApps;C:\Users\Jose\AppData\Local\GitHubDesktop\bin;C:\Users\Jose\AppData\Roaming\npm;C:\Program Files\7-Zip;C:\Users\Jose\AppData\Local\nvm;C:\nvm4w\nodejs;C:\Users\Jose\AppData\Local\Programs\Microsoft VS Code\bin;C:\Users\Jose\go\bin
USERNAME=Jose
LANG=en_US.UTF-8
OS=Windows_NT
PROCESSOR_IDENTIFIER=AMD64 Family 25 Model 116 Stepping 1, AuthenticAMD
TMP=C:\Users\Jose\AppData\Local\Temp
TEMP=C:\Users\Jose\AppData\Local\Temp




Periodic native trim disabled

---------------  S Y S T E M  ---------------

OS:
 Windows 11 , 64 bit Build 26100 (10.0.26100.6725)
OS uptime: 8 days 19:27 hours
Hyper-V role detected

CPU: total 16 (initial active 16) (16 cores per cpu, 2 threads per core) family 25 model 116 stepping 1 microcode 0xa704103, cx8, cmov, fxsr, ht, mmx, 3dnowpref, sse, sse2, sse3, ssse3, sse4a, sse4.1, sse4.2, popcnt, lzcnt, tsc, tscinvbit, avx, avx2, aes, erms, clmul, bmi1, bmi2, adx, avx512f, avx512dq, avx512cd, avx512bw, avx512vl, sha, fma, vzeroupper, avx512_vpopcntdq, avx512_vpclmulqdq, avx512_vaes, avx512_vnni, clflush, clflushopt, avx512_vbmi2, avx512_vbmi, hv, rdtscp, rdpid, gfni, avx512_bitalg, f16c, cet_ss, avx512_ifma
Processor Information for the first 16 processors :
  Max Mhz: 4001, Current Mhz: 4001, Mhz Limit: 4001

Memory: 4k page, system-wide physical 61153M (195M free)
TotalPageFile size 170772M (AvailPageFile size 2826M)
current process WorkingSet (physical memory assigned to process): 3138M, peak: 3311M
current process commit charge ("private bytes"): 3323M, peak: 8411M

vm_info: OpenJDK 64-Bit Server VM (21.0.10+7-LTS) for windows-amd64 JRE (21.0.10+7-LTS), built on 2026-01-15T18:39:42Z by "MicrosoftCorporation" with MS VC++ 17.14 (VS2022)

END.
